../Core/Src/main.c:134:6:initMotor	16	static
../Core/Src/main.c:160:6:errorOccur	120	static
../Core/Src/main.c:177:10:speed2pulse	24	static
../Core/Src/main.c:183:10:voltage2speed	24	static
../Core/Src/main.c:191:7:getSpeed	24	static
../Core/Src/main.c:219:6:readFSRVoltage	16	static
../Core/Src/main.c:229:6:setSpeed_M1	16	static
../Core/Src/main.c:251:6:setSpeed_M2	16	static
../Core/Src/main.c:272:6:setSpeed_M3	16	static
../Core/Src/main.c:294:6:setSpeed	16	static
../Core/Src/main.c:300:6:Dac2_Set_Vol	16	static
../Core/Src/main.c:307:7:PID_Cal	32	static
../Core/Src/main.c:327:5:main	136	static
../Core/Src/main.c:440:6:SystemClock_Config	88	static
../Core/Src/main.c:482:13:MX_ADC1_Init	24	static
../Core/Src/main.c:580:13:MX_DAC_Init	16	static
../Core/Src/main.c:620:13:MX_TIM1_Init	80	static
../Core/Src/main.c:689:13:MX_TIM2_Init	56	static
../Core/Src/main.c:738:13:MX_TIM3_Init	48	static
../Core/Src/main.c:787:13:MX_TIM4_Init	56	static
../Core/Src/main.c:836:13:MX_TIM5_Init	56	static
../Core/Src/main.c:885:13:MX_TIM6_Init	16	static
../Core/Src/main.c:923:13:MX_TIM8_Init	80	static
../Core/Src/main.c:988:13:MX_TIM12_Init	40	static
../Core/Src/main.c:1030:13:MX_TIM14_Init	40	static
../Core/Src/main.c:1076:13:MX_USART2_UART_Init	8	static
../Core/Src/main.c:1107:13:MX_DMA_Init	16	static
../Core/Src/main.c:1128:13:MX_GPIO_Init	40	static
../Core/Src/main.c:1154:6:HAL_GPIO_EXTI_Callback	16	static,ignoring_inline_asm
../Core/Src/main.c:1163:6:HAL_TIM_PeriodElapsedCallback	24	static
../Core/Src/main.c:1204:6:Error_Handler	4	static,ignoring_inline_asm
