../Core/Src/main.c:118:6:initMotor	16	static
../Core/Src/main.c:134:6:errorOccur	120	static
../Core/Src/main.c:150:10:speed2pulse	24	static
../Core/Src/main.c:156:10:voltage2pulse	24	static
../Core/Src/main.c:164:7:getSpeed	24	static
../Core/Src/main.c:178:6:readFSRVoltage	16	static
../Core/Src/main.c:187:6:changeSpeed_M1	8	static
../Core/Src/main.c:211:6:changeSpeed_M2	8	static
../Core/Src/main.c:235:6:changeSpeed_M3	8	static
../Core/Src/main.c:259:6:changeSpeed	16	static
../Core/Src/main.c:287:5:main	136	static
../Core/Src/main.c:388:6:SystemClock_Config	88	static
../Core/Src/main.c:430:13:MX_ADC1_Init	24	static
../Core/Src/main.c:528:13:MX_TIM1_Init	80	static
../Core/Src/main.c:593:13:MX_TIM2_Init	56	static
../Core/Src/main.c:642:13:MX_TIM6_Init	16	static
../Core/Src/main.c:680:13:MX_TIM14_Init	40	static
../Core/Src/main.c:726:13:MX_USART2_UART_Init	8	static
../Core/Src/main.c:757:13:MX_DMA_Init	16	static
../Core/Src/main.c:778:13:MX_GPIO_Init	40	static
../Core/Src/main.c:814:6:HAL_GPIO_EXTI_Callback	16	static,ignoring_inline_asm
../Core/Src/main.c:825:6:HAL_TIM_PeriodElapsedCallback	24	static
../Core/Src/main.c:854:6:Error_Handler	4	static,ignoring_inline_asm
