../Core/Src/main.c:87:6:initMotor	8	static
../Core/Src/main.c:102:10:speed2pulse	24	static
../Core/Src/main.c:107:6:changeSpeed	24	static
../Core/Src/main.c:129:7:getSpeed	16	static
../Core/Src/main.c:140:7:PID_Cal	24	static
../Core/Src/main.c:160:5:main	112	static
../Core/Src/main.c:223:6:SystemClock_Config	88	static
../Core/Src/main.c:265:13:MX_TIM1_Init	80	static
../Core/Src/main.c:330:13:MX_TIM2_Init	56	static
../Core/Src/main.c:379:13:MX_TIM6_Init	16	static
../Core/Src/main.c:417:13:MX_TIM14_Init	40	static
../Core/Src/main.c:463:13:MX_USART2_UART_Init	8	static
../Core/Src/main.c:496:13:MX_GPIO_Init	40	static
../Core/Src/main.c:532:6:HAL_GPIO_EXTI_Callback	16	static,ignoring_inline_asm
../Core/Src/main.c:544:6:HAL_TIM_PeriodElapsedCallback	24	static
../Core/Src/main.c:603:6:Error_Handler	4	static,ignoring_inline_asm
