Archive member included to satisfy reference by file (symbol)

C:/ST/STM32CubeIDE_1.13.1/STM32CubeIDE/plugins/com.st.stm32cube.ide.mcu.externaltools.gnu-tools-for-stm32.11.3.rel1.win32_1.1.0.202305231506/tools/bin/../lib/gcc/arm-none-eabi/11.3.1/../../../../arm-none-eabi/lib/thumb/v7e-m+fp/hard\libc_nano.a(libc_a-exit.o)
                              C:/ST/STM32CubeIDE_1.13.1/STM32CubeIDE/plugins/com.st.stm32cube.ide.mcu.externaltools.gnu-tools-for-stm32.11.3.rel1.win32_1.1.0.202305231506/tools/bin/../lib/gcc/arm-none-eabi/11.3.1/../../../../arm-none-eabi/lib/thumb/v7e-m+fp/hard/crt0.o (exit)
C:/ST/STM32CubeIDE_1.13.1/STM32CubeIDE/plugins/com.st.stm32cube.ide.mcu.externaltools.gnu-tools-for-stm32.11.3.rel1.win32_1.1.0.202305231506/tools/bin/../lib/gcc/arm-none-eabi/11.3.1/../../../../arm-none-eabi/lib/thumb/v7e-m+fp/hard\libc_nano.a(libc_a-findfp.o)
                              C:/ST/STM32CubeIDE_1.13.1/STM32CubeIDE/plugins/com.st.stm32cube.ide.mcu.externaltools.gnu-tools-for-stm32.11.3.rel1.win32_1.1.0.202305231506/tools/bin/../lib/gcc/arm-none-eabi/11.3.1/../../../../arm-none-eabi/lib/thumb/v7e-m+fp/hard\libc_nano.a(libc_a-exit.o) (__stdio_exit_handler)
C:/ST/STM32CubeIDE_1.13.1/STM32CubeIDE/plugins/com.st.stm32cube.ide.mcu.externaltools.gnu-tools-for-stm32.11.3.rel1.win32_1.1.0.202305231506/tools/bin/../lib/gcc/arm-none-eabi/11.3.1/../../../../arm-none-eabi/lib/thumb/v7e-m+fp/hard\libc_nano.a(libc_a-fwalk.o)
                              C:/ST/STM32CubeIDE_1.13.1/STM32CubeIDE/plugins/com.st.stm32cube.ide.mcu.externaltools.gnu-tools-for-stm32.11.3.rel1.win32_1.1.0.202305231506/tools/bin/../lib/gcc/arm-none-eabi/11.3.1/../../../../arm-none-eabi/lib/thumb/v7e-m+fp/hard\libc_nano.a(libc_a-findfp.o) (_fwalk_sglue)
C:/ST/STM32CubeIDE_1.13.1/STM32CubeIDE/plugins/com.st.stm32cube.ide.mcu.externaltools.gnu-tools-for-stm32.11.3.rel1.win32_1.1.0.202305231506/tools/bin/../lib/gcc/arm-none-eabi/11.3.1/../../../../arm-none-eabi/lib/thumb/v7e-m+fp/hard\libc_nano.a(libc_a-sprintf.o)
                              ./Core/Src/main.o (sprintf)
C:/ST/STM32CubeIDE_1.13.1/STM32CubeIDE/plugins/com.st.stm32cube.ide.mcu.externaltools.gnu-tools-for-stm32.11.3.rel1.win32_1.1.0.202305231506/tools/bin/../lib/gcc/arm-none-eabi/11.3.1/../../../../arm-none-eabi/lib/thumb/v7e-m+fp/hard\libc_nano.a(libc_a-stdio.o)
                              C:/ST/STM32CubeIDE_1.13.1/STM32CubeIDE/plugins/com.st.stm32cube.ide.mcu.externaltools.gnu-tools-for-stm32.11.3.rel1.win32_1.1.0.202305231506/tools/bin/../lib/gcc/arm-none-eabi/11.3.1/../../../../arm-none-eabi/lib/thumb/v7e-m+fp/hard\libc_nano.a(libc_a-findfp.o) (__sread)
C:/ST/STM32CubeIDE_1.13.1/STM32CubeIDE/plugins/com.st.stm32cube.ide.mcu.externaltools.gnu-tools-for-stm32.11.3.rel1.win32_1.1.0.202305231506/tools/bin/../lib/gcc/arm-none-eabi/11.3.1/../../../../arm-none-eabi/lib/thumb/v7e-m+fp/hard\libc_nano.a(libc_a-memset.o)
                              C:/ST/STM32CubeIDE_1.13.1/STM32CubeIDE/plugins/com.st.stm32cube.ide.mcu.externaltools.gnu-tools-for-stm32.11.3.rel1.win32_1.1.0.202305231506/tools/bin/../lib/gcc/arm-none-eabi/11.3.1/../../../../arm-none-eabi/lib/thumb/v7e-m+fp/hard/crt0.o (memset)
C:/ST/STM32CubeIDE_1.13.1/STM32CubeIDE/plugins/com.st.stm32cube.ide.mcu.externaltools.gnu-tools-for-stm32.11.3.rel1.win32_1.1.0.202305231506/tools/bin/../lib/gcc/arm-none-eabi/11.3.1/../../../../arm-none-eabi/lib/thumb/v7e-m+fp/hard\libc_nano.a(libc_a-closer.o)
                              C:/ST/STM32CubeIDE_1.13.1/STM32CubeIDE/plugins/com.st.stm32cube.ide.mcu.externaltools.gnu-tools-for-stm32.11.3.rel1.win32_1.1.0.202305231506/tools/bin/../lib/gcc/arm-none-eabi/11.3.1/../../../../arm-none-eabi/lib/thumb/v7e-m+fp/hard\libc_nano.a(libc_a-stdio.o) (_close_r)
C:/ST/STM32CubeIDE_1.13.1/STM32CubeIDE/plugins/com.st.stm32cube.ide.mcu.externaltools.gnu-tools-for-stm32.11.3.rel1.win32_1.1.0.202305231506/tools/bin/../lib/gcc/arm-none-eabi/11.3.1/../../../../arm-none-eabi/lib/thumb/v7e-m+fp/hard\libc_nano.a(libc_a-reent.o)
                              C:/ST/STM32CubeIDE_1.13.1/STM32CubeIDE/plugins/com.st.stm32cube.ide.mcu.externaltools.gnu-tools-for-stm32.11.3.rel1.win32_1.1.0.202305231506/tools/bin/../lib/gcc/arm-none-eabi/11.3.1/../../../../arm-none-eabi/lib/thumb/v7e-m+fp/hard\libc_nano.a(libc_a-closer.o) (errno)
C:/ST/STM32CubeIDE_1.13.1/STM32CubeIDE/plugins/com.st.stm32cube.ide.mcu.externaltools.gnu-tools-for-stm32.11.3.rel1.win32_1.1.0.202305231506/tools/bin/../lib/gcc/arm-none-eabi/11.3.1/../../../../arm-none-eabi/lib/thumb/v7e-m+fp/hard\libc_nano.a(libc_a-impure.o)
                              C:/ST/STM32CubeIDE_1.13.1/STM32CubeIDE/plugins/com.st.stm32cube.ide.mcu.externaltools.gnu-tools-for-stm32.11.3.rel1.win32_1.1.0.202305231506/tools/bin/../lib/gcc/arm-none-eabi/11.3.1/../../../../arm-none-eabi/lib/thumb/v7e-m+fp/hard\libc_nano.a(libc_a-sprintf.o) (_impure_ptr)
[...]
Memory Configuration

Name             Origin             Length             Attributes
RAM              0x0000000020000000 0x0000000000020000 xrw
FLASH            0x0000000008000000 0x0000000000080000 xr
*default*        0x0000000000000000 0xffffffffffffffff

Linker script and memory map

LOAD C:/ST/STM32CubeIDE_1.13.1/STM32CubeIDE/plugins/com.st.stm32cube.ide.mcu.externaltools.gnu-tools-for-stm32.11.3.rel1.win32_1.1.0.202305231506/tools/bin/../lib/gcc/arm-none-eabi/11.3.1/thumb/v7e-m+fp/hard/crti.o
LOAD C:/ST/STM32CubeIDE_1.13.1/STM32CubeIDE/plugins/com.st.stm32cube.ide.mcu.externaltools.gnu-tools-for-stm32.11.3.rel1.win32_1.1.0.202305231506/tools/bin/../lib/gcc/arm-none-eabi/11.3.1/thumb/v7e-m+fp/hard/crtbegin.o
LOAD C:/ST/STM32CubeIDE_1.13.1/STM32CubeIDE/plugins/com.st.stm32cube.ide.mcu.externaltools.gnu-tools-for-stm32.11.3.rel1.win32_1.1.0.202305231506/tools/bin/../lib/gcc/arm-none-eabi/11.3.1/../../../../arm-none-eabi/lib/thumb/v7e-m+fp/hard/crt0.o
LOAD ./Core/Src/main.o
LOAD ./Core/Src/stm32f4xx_hal_msp.o
LOAD ./Core/Src/stm32f4xx_it.o
LOAD ./Core/Src/syscalls.o
LOAD ./Core/Src/sysmem.o
LOAD ./Core/Src/system_stm32f4xx.o
LOAD ./Core/Startup/startup_stm32f446retx.o
LOAD ./Drivers/STM32F4xx_HAL_Driver/Src/stm32f4xx_hal.o
LOAD ./Drivers/STM32F4xx_HAL_Driver/Src/stm32f4xx_hal_adc.o
LOAD ./Drivers/STM32F4xx_HAL_Driver/Src/stm32f4xx_hal_adc_ex.o
LOAD ./Drivers/STM32F4xx_HAL_Driver/Src/stm32f4xx_hal_cortex.o
LOAD ./Drivers/STM32F4xx_HAL_Driver/Src/stm32f4xx_hal_dac.o
LOAD ./Drivers/STM32F4xx_HAL_Driver/Src/stm32f4xx_hal_dac_ex.o
LOAD ./Drivers/STM32F4xx_HAL_Driver/Src/stm32f4xx_hal_dma.o
LOAD ./Drivers/STM32F4xx_HAL_Driver/Src/stm32f4xx_hal_dma_ex.o
LOAD ./Drivers/STM32F4xx_HAL_Driver/Src/stm32f4xx_hal_exti.o
LOAD ./Drivers/STM32F4xx_HAL_Driver/Src/stm32f4xx_hal_flash.o
LOAD ./Drivers/STM32F4xx_HAL_Driver/Src/stm32f4xx_hal_flash_ex.o
LOAD ./Drivers/STM32F4xx_HAL_Driver/Src/stm32f4xx_hal_flash_ramfunc.o
LOAD ./Drivers/STM32F4xx_HAL_Driver/Src/stm32f4xx_hal_gpio.o
LOAD ./Drivers/STM32F4xx_HAL_Driver/Src/stm32f4xx_hal_pwr.o
LOAD ./Drivers/STM32F4xx_HAL_Driver/Src/stm32f4xx_hal_pwr_ex.o
LOAD ./Drivers/STM32F4xx_HAL_Driver/Src/stm32f4xx_hal_rcc.o
LOAD ./Drivers/STM32F4xx_HAL_Driver/Src/stm32f4xx_hal_rcc_ex.o
LOAD ./Drivers/STM32F4xx_HAL_Driver/Src/stm32f4xx_hal_tim.o
LOAD ./Drivers/STM32F4xx_HAL_Driver/Src/stm32f4xx_hal_tim_ex.o
LOAD ./Drivers/STM32F4xx_HAL_Driver/Src/stm32f4xx_hal_uart.o
LOAD ./Drivers/STM32F4xx_HAL_Driver/Src/stm32f4xx_ll_adc.o
START GROUP
LOAD C:/ST/STM32CubeIDE_1.13.1/STM32CubeIDE/plugins/com.st.stm32cube.ide.mcu.externaltools.gnu-tools-for-stm32.11.3.rel1.win32_1.1.0.202305231506/tools/bin/../lib/gcc/arm-none-eabi/11.3.1/../../../../arm-none-eabi/lib/thumb/v7e-m+fp/hard\libc_nano.a
LOAD C:/ST/STM32CubeIDE_1.13.1/STM32CubeIDE/plugins/com.st.stm32cube.ide.mcu.externaltools.gnu-tools-for-stm32.11.3.rel1.win32_1.1.0.202305231506/tools/bin/../lib/gcc/arm-none-eabi/11.3.1/../../../../arm-none-eabi/lib/thumb/v7e-m+fp/hard\libm.a
END GROUP
START GROUP
LOAD C:/ST/STM32CubeIDE_1.13.1/STM32CubeIDE/plugins/com.st.stm32cube.ide.mcu.externaltools.gnu-tools-for-stm32.11.3.rel1.win32_1.1.0.202305231506/tools/bin/../lib/gcc/arm-none-eabi/11.3.1/thumb/v7e-m+fp/hard\libgcc.a
LOAD C:/ST/STM32CubeIDE_1.13.1/STM32CubeIDE/plugins/com.st.stm32cube.ide.mcu.externaltools.gnu-tools-for-stm32.11.3.rel1.win32_1.1.0.202305231506/tools/bin/../lib/gcc/arm-none-eabi/11.3.1/../../../../arm-none-eabi/lib/thumb/v7e-m+fp/hard\libc_nano.a
END GROUP
START GROUP
LOAD C:/ST/STM32CubeIDE_1.13.1/STM32CubeIDE/plugins/com.st.stm32cube.ide.mcu.externaltools.gnu-tools-for-stm32.11.3.rel1.win32_1.1.0.202305231506/tools/bin/../lib/gcc/arm-none-eabi/11.3.1/thumb/v7e-m+fp/hard\libgcc.a
LOAD C:/ST/STM32CubeIDE_1.13.1/STM32CubeIDE/plugins/com.st.stm32cube.ide.mcu.externaltools.gnu-tools-for-stm32.11.3.rel1.win32_1.1.0.202305231506/tools/bin/../lib/gcc/arm-none-eabi/11.3.1/../../../../arm-none-eabi/lib/thumb/v7e-m+fp/hard\libc_nano.a
LOAD C:/ST/STM32CubeIDE_1.13.1/STM32CubeIDE/plugins/com.st.stm32cube.ide.mcu.externaltools.gnu-tools-for-stm32.11.3.rel1.win32_1.1.0.202305231506/tools/bin/../lib/gcc/arm-none-eabi/11.3.1/../../../../arm-none-eabi/lib/thumb/v7e-m+fp/hard\libnosys.a
END GROUP
START GROUP
LOAD C:/ST/STM32CubeIDE_1.13.1/STM32CubeIDE/plugins/com.st.stm32cube.ide.mcu.externaltools.gnu-tools-for-stm32.11.3.rel1.win32_1.1.0.202305231506/tools/bin/../lib/gcc/arm-none-eabi/11.3.1/thumb/v7e-m+fp/hard\libgcc.a
LOAD C:/ST/STM32CubeIDE_1.13.1/STM32CubeIDE/plugins/com.st.stm32cube.ide.mcu.externaltools.gnu-tools-for-stm32.11.3.rel1.win32_1.1.0.202305231506/tools/bin/../lib/gcc/arm-none-eabi/11.3.1/../../../../arm-none-eabi/lib/thumb/v7e-m+fp/hard\libc_nano.a
LOAD C:/ST/STM32CubeIDE_1.13.1/STM32CubeIDE/plugins/com.st.stm32cube.ide.mcu.externaltools.gnu-tools-for-stm32.11.3.rel1.win32_1.1.0.202305231506/tools/bin/../lib/gcc/arm-none-eabi/11.3.1/../../../../arm-none-eabi/lib/thumb/v7e-m+fp/hard\libnosys.a
END GROUP
LOAD C:/ST/STM32CubeIDE_1.13.1/STM32CubeIDE/plugins/com.st.stm32cube.ide.mcu.externaltools.gnu-tools-for-stm32.11.3.rel1.win32_1.1.0.202305231506/tools/bin/../lib/gcc/arm-none-eabi/11.3.1/thumb/v7e-m+fp/hard/crtend.o
LOAD C:/ST/STM32CubeIDE_1.13.1/STM32CubeIDE/plugins/com.st.stm32cube.ide.mcu.externaltools.gnu-tools-for-stm32.11.3.rel1.win32_1.1.0.202305231506/tools/bin/../lib/gcc/arm-none-eabi/11.3.1/thumb/v7e-m+fp/hard/crtn.o
                0x0000000020020000                _estack = (ORIGIN (RAM) + LENGTH (RAM))
                0x0000000000000200                _Min_Heap_Size = 0x200
                0x0000000000000400                _Min_Stack_Size = 0x400

.isr_vector     0x0000000008000000      0x1c4
                0x0000000008000000                . = ALIGN (0x4)
 *(.isr_vector)
 .isr_vector    0x0000000008000000      0x1c4 ./Core/Startup/startup_stm32f446retx.o
                0x0000000008000000                g_pfnVectors
                0x00000000080001c4                . = ALIGN (0x4)

.text           0x00000000080001d0     0x746c
                0x00000000080001d0                . = ALIGN (0x4)
 *(.text)
 .text          0x00000000080001d0       0x40 C:/ST/STM32CubeIDE_1.13.1/STM32CubeIDE/plugins/com.st.stm32cube.ide.mcu.externaltools.gnu-tools-for-stm32.11.3.rel1.win32_1.1.0.202305231506/tools/bin/../lib/gcc/arm-none-eabi/11.3.1/thumb/v7e-m+fp/hard/crtbegin.o
 .text          0x0000000008000210       0xa0 C:/ST/STM32CubeIDE_1.13.1/STM32CubeIDE/plugins/com.st.stm32cube.ide.mcu.externaltools.gnu-tools-for-stm32.11.3.rel1.win32_1.1.0.202305231506/tools/bin/../lib/gcc/arm-none-eabi/11.3.1/../../../../arm-none-eabi/lib/thumb/v7e-m+fp/hard\libc_nano.a(libc_a-memchr.o)
                0x0000000008000210                memchr
 .text          0x00000000080002b0      0x254 C:/ST/STM32CubeIDE_1.13.1/STM32CubeIDE/plugins/com.st.stm32cube.ide.mcu.externaltools.gnu-tools-for-stm32.11.3.rel1.win32_1.1.0.202305231506/tools/bin/../lib/gcc/arm-none-eabi/11.3.1/thumb/v7e-m+fp/hard\libgcc.a(_arm_muldf3.o)
                0x00000000080002b0                __muldf3
                0x00000000080002b0                __aeabi_dmul
 .text          0x0000000008000504      0x378 C:/ST/STM32CubeIDE_1.13.1/STM32CubeIDE/plugins/com.st.stm32cube.ide.mcu.externaltools.gnu-tools-for-stm32.11.3.rel1.win32_1.1.0.202305231506/tools/bin/../lib/gcc/arm-none-eabi/11.3.1/thumb/v7e-m+fp/hard\libgcc.a(_arm_addsubdf3.o)
                0x0000000008000504                __aeabi_drsub
                0x000000000800050c                __aeabi_dsub
                0x000000000800050c                __subdf3
                0x0000000008000510                __aeabi_dadd
                0x0000000008000510                __adddf3
                0x0000000008000788                __floatunsidf
                0x0000000008000788                __aeabi_ui2d
                0x00000000080007a8                __floatsidf
                0x00000000080007a8                __aeabi_i2d
                0x00000000080007cc                __aeabi_f2d
                0x00000000080007cc                __extendsfdf2
                0x0000000008000810                __floatundidf
                0x0000000008000810                __aeabi_ul2d
                0x0000000008000820                __floatdidf
                0x0000000008000820                __aeabi_l2d
 .text          0x000000000800087c       0x50 C:/ST/STM32CubeIDE_1.13.1/STM32CubeIDE/plugins/com.st.stm32cube.ide.mcu.externaltools.gnu-tools-for-stm32.11.3.rel1.win32_1.1.0.202305231506/tools/bin/../lib/gcc/arm-none-eabi/11.3.1/thumb/v7e-m+fp/hard\libgcc.a(_arm_fixdfsi.o)
                0x000000000800087c                __aeabi_d2iz
                0x000000000800087c                __fixdfsi
 .text          0x00000000080008cc       0x30 C:/ST/STM32CubeIDE_1.13.1/STM32CubeIDE/plugins/com.st.stm32cube.ide.mcu.externaltools.gnu-tools-for-stm32.11.3.rel1.win32_1.1.0.202305231506/tools/bin/../lib/gcc/arm-none-eabi/11.3.1/thumb/v7e-m+fp/hard\libgcc.a(_aeabi_uldivmod.o)
                0x00000000080008cc                __aeabi_uldivmod
 .text          0x00000000080008fc      0x2c8 C:/ST/STM32CubeIDE_1.13.1/STM32CubeIDE/plugins/com.st.stm32cube.ide.mcu.externaltools.gnu-tools-for-stm32.11.3.rel1.win32_1.1.0.202305231506/tools/bin/../lib/gcc/arm-none-eabi/11.3.1/thumb/v7e-m+fp/hard\libgcc.a(_udivmoddi4.o)
                0x00000000080008fc                __udivmoddi4
 .text          0x0000000008000bc4        0x4 C:/ST/STM32CubeIDE_1.13.1/STM32CubeIDE/plugins/com.st.stm32cube.ide.mcu.externaltools.gnu-tools-for-stm32.11.3.rel1.win32_1.1.0.202305231506/tools/bin/../lib/gcc/arm-none-eabi/11.3.1/thumb/v7e-m+fp/hard\libgcc.a(_dvmd_tls.o)
                0x0000000008000bc4                __aeabi_idiv0
                0x0000000008000bc4                __aeabi_ldiv0
 *(.text*)
 .text.initMotor
                0x0000000008000bc8       0xe8 ./Core/Src/main.o
                0x0000000008000bc8                initMotor
 .text.errorOccur
                0x0000000008000cb0       0x74 ./Core/Src/main.o
                0x0000000008000cb0                errorOccur
 .text.voltage2speed
                0x0000000008000d24       0x28 ./Core/Src/main.o
                0x0000000008000d24                voltage2speed
 .text.getSpeed
                0x0000000008000d4c       0xdc ./Core/Src/main.o
                0x0000000008000d4c                getSpeed
 .text.readFSRVoltage
                0x0000000008000e28       0x5c ./Core/Src/main.o
                0x0000000008000e28                readFSRVoltage
 .text.setSpeed_M1
                0x0000000008000e84       0x64 ./Core/Src/main.o
                0x0000000008000e84                setSpeed_M1
 .text.setSpeed_M2
                0x0000000008000ee8       0x64 ./Core/Src/main.o
                0x0000000008000ee8                setSpeed_M2
 .text.setSpeed_M3
                0x0000000008000f4c       0x64 ./Core/Src/main.o
                0x0000000008000f4c                setSpeed_M3
 .text.setSpeed
                0x0000000008000fb0       0x46 ./Core/Src/main.o
                0x0000000008000fb0                setSpeed
 *fill*         0x0000000008000ff6        0x2 
 .text.Dac2_Set_Vol
                0x0000000008000ff8       0x2c ./Core/Src/main.o
                0x0000000008000ff8                Dac2_Set_Vol
 *fill*         0x0000000008001024        0x4 
 .text.PID_Cal  0x0000000008001028      0x120 ./Core/Src/main.o
                0x0000000008001028                PID_Cal
 .text.main     0x0000000008001148      0x2a4 ./Core/Src/main.o
                0x0000000008001148                main
 .text.SystemClock_Config
                0x00000000080013ec       0xc0 ./Core/Src/main.o
                0x00000000080013ec                SystemClock_Config
 .text.MX_ADC1_Init
                0x00000000080014ac      0x134 ./Core/Src/main.o
 .text.MX_DAC_Init
                0x00000000080015e0       0x54 ./Core/Src/main.o
 .text.MX_TIM1_Init
                0x0000000008001634      0x120 ./Core/Src/main.o
 .text.MX_TIM2_Init
                0x0000000008001754       0xa8 ./Core/Src/main.o
 .text.MX_TIM3_Init
                0x00000000080017fc       0xb4 ./Core/Src/main.o
 .text.MX_TIM4_Init
                0x00000000080018b0       0xa8 ./Core/Src/main.o
 .text.MX_TIM5_Init
                0x0000000008001958       0xa8 ./Core/Src/main.o
 .text.MX_TIM6_Init
                0x0000000008001a00       0x6c ./Core/Src/main.o
 .text.MX_TIM8_Init
                0x0000000008001a6c      0x108 ./Core/Src/main.o
 .text.MX_TIM12_Init
                0x0000000008001b74       0x8c ./Core/Src/main.o
 .text.MX_TIM14_Init
                0x0000000008001c00       0x9c ./Core/Src/main.o
 .text.MX_USART2_UART_Init
                0x0000000008001c9c       0x54 ./Core/Src/main.o
 .text.MX_DMA_Init
                0x0000000008001cf0       0x50 ./Core/Src/main.o
 .text.MX_GPIO_Init
                0x0000000008001d40       0xa8 ./Core/Src/main.o
 .text.HAL_GPIO_EXTI_Callback
                0x0000000008001de8       0x34 ./Core/Src/main.o
                0x0000000008001de8                HAL_GPIO_EXTI_Callback
 .text.HAL_TIM_PeriodElapsedCallback
                0x0000000008001e1c      0x11c ./Core/Src/main.o
                0x0000000008001e1c                HAL_TIM_PeriodElapsedCallback
 .text.Error_Handler
                0x0000000008001f38        0xa ./Core/Src/main.o
                0x0000000008001f38                Error_Handler
 *fill*         0x0000000008001f42        0x2 
 .text.HAL_MspInit
                0x0000000008001f44       0x50 ./Core/Src/stm32f4xx_hal_msp.o
                0x0000000008001f44                HAL_MspInit
 .text.HAL_ADC_MspInit
                0x0000000008001f94       0xf8 ./Core/Src/stm32f4xx_hal_msp.o
                0x0000000008001f94                HAL_ADC_MspInit
 .text.HAL_DAC_MspInit
                0x000000000800208c       0x98 ./Core/Src/stm32f4xx_hal_msp.o
                0x000000000800208c                HAL_DAC_MspInit
 .text.HAL_TIM_PWM_MspInit
                0x0000000008002124       0xc8 ./Core/Src/stm32f4xx_hal_msp.o
                0x0000000008002124                HAL_TIM_PWM_MspInit
 .text.HAL_TIM_Encoder_MspInit
                0x00000000080021ec      0x1cc ./Core/Src/stm32f4xx_hal_msp.o
                0x00000000080021ec                HAL_TIM_Encoder_MspInit
 .text.HAL_TIM_Base_MspInit
                0x00000000080023b8       0x7c ./Core/Src/stm32f4xx_hal_msp.o
                0x00000000080023b8                HAL_TIM_Base_MspInit
 .text.HAL_TIM_MspPostInit
                0x0000000008002434      0x1b0 ./Core/Src/stm32f4xx_hal_msp.o
                0x0000000008002434                HAL_TIM_MspPostInit
 .text.HAL_UART_MspInit
                0x00000000080025e4      0x168 ./Core/Src/stm32f4xx_hal_msp.o
                0x00000000080025e4                HAL_UART_MspInit
 .text.NMI_Handler
                0x000000000800274c        0x6 ./Core/Src/stm32f4xx_it.o
                0x000000000800274c                NMI_Handler
 .text.HardFault_Handler
                0x0000000008002752        0x6 ./Core/Src/stm32f4xx_it.o
                0x0000000008002752                HardFault_Handler
 .text.MemManage_Handler
                0x0000000008002758        0x6 ./Core/Src/stm32f4xx_it.o
                0x0000000008002758                MemManage_Handler
 .text.BusFault_Handler
                0x000000000800275e        0x6 ./Core/Src/stm32f4xx_it.o
                0x000000000800275e                BusFault_Handler
 .text.UsageFault_Handler
                0x0000000008002764        0x6 ./Core/Src/stm32f4xx_it.o
                0x0000000008002764                UsageFault_Handler
 .text.SVC_Handler
                0x000000000800276a        0xe ./Core/Src/stm32f4xx_it.o
                0x000000000800276a                SVC_Handler
 .text.DebugMon_Handler
                0x0000000008002778        0xe ./Core/Src/stm32f4xx_it.o
                0x0000000008002778                DebugMon_Handler
 .text.PendSV_Handler
                0x0000000008002786        0xe ./Core/Src/stm32f4xx_it.o
                0x0000000008002786                PendSV_Handler
 .text.SysTick_Handler
                0x0000000008002794        0xc ./Core/Src/stm32f4xx_it.o
                0x0000000008002794                SysTick_Handler
 .text.DMA1_Stream5_IRQHandler
                0x00000000080027a0       0x14 ./Core/Src/stm32f4xx_it.o
                0x00000000080027a0                DMA1_Stream5_IRQHandler
 .text.DMA1_Stream6_IRQHandler
                0x00000000080027b4       0x14 ./Core/Src/stm32f4xx_it.o
                0x00000000080027b4                DMA1_Stream6_IRQHandler
 .text.TIM2_IRQHandler
                0x00000000080027c8       0x14 ./Core/Src/stm32f4xx_it.o
                0x00000000080027c8                TIM2_IRQHandler
 .text.TIM4_IRQHandler
                0x00000000080027dc       0x14 ./Core/Src/stm32f4xx_it.o
                0x00000000080027dc                TIM4_IRQHandler
 .text.USART2_IRQHandler
                0x00000000080027f0       0x14 ./Core/Src/stm32f4xx_it.o
                0x00000000080027f0                USART2_IRQHandler
 .text.EXTI15_10_IRQHandler
                0x0000000008002804       0x10 ./Core/Src/stm32f4xx_it.o
                0x0000000008002804                EXTI15_10_IRQHandler
 .text.TIM5_IRQHandler
                0x0000000008002814       0x14 ./Core/Src/stm32f4xx_it.o
                0x0000000008002814                TIM5_IRQHandler
 .text.TIM6_DAC_IRQHandler
                0x0000000008002828       0x1c ./Core/Src/stm32f4xx_it.o
                0x0000000008002828                TIM6_DAC_IRQHandler
 .text._sbrk    0x0000000008002844       0x6c ./Core/Src/sysmem.o
                0x0000000008002844                _sbrk
 .text.SystemInit
                0x00000000080028b0       0x24 ./Core/Src/system_stm32f4xx.o
                0x00000000080028b0                SystemInit
 .text.Reset_Handler
                0x00000000080028d4       0x50 ./Core/Startup/startup_stm32f446retx.o
                0x00000000080028d4                Reset_Handler
 .text.Default_Handler
                0x0000000008002924        0x2 ./Core/Startup/startup_stm32f446retx.o
                0x0000000008002924                RTC_Alarm_IRQHandler
                0x0000000008002924                EXTI2_IRQHandler
                0x0000000008002924                TIM8_CC_IRQHandler
                0x0000000008002924                FMPI2C1_EV_IRQHandler
                0x0000000008002924                SPI4_IRQHandler
                0x0000000008002924                TIM1_CC_IRQHandler
                0x0000000008002924                DMA2_Stream5_IRQHandler
                0x0000000008002924                PVD_IRQHandler
                0x0000000008002924                SDIO_IRQHandler
                0x0000000008002924                TAMP_STAMP_IRQHandler
                0x0000000008002924                CAN2_RX1_IRQHandler
                0x0000000008002924                EXTI3_IRQHandler
                0x0000000008002924                TIM8_TRG_COM_TIM14_IRQHandler
                0x0000000008002924                TIM1_UP_TIM10_IRQHandler
                0x0000000008002924                TIM8_UP_TIM13_IRQHandler
                0x0000000008002924                I2C3_ER_IRQHandler
                0x0000000008002924                EXTI0_IRQHandler
                0x0000000008002924                I2C2_EV_IRQHandler
                0x0000000008002924                DMA1_Stream2_IRQHandler
                0x0000000008002924                CAN1_RX0_IRQHandler
                0x0000000008002924                FPU_IRQHandler
                0x0000000008002924                OTG_HS_WKUP_IRQHandler
                0x0000000008002924                CAN2_SCE_IRQHandler
                0x0000000008002924                DMA2_Stream2_IRQHandler
                0x0000000008002924                SPI1_IRQHandler
                0x0000000008002924                TIM1_BRK_TIM9_IRQHandler
                0x0000000008002924                DCMI_IRQHandler
                0x0000000008002924                CAN2_RX0_IRQHandler
                0x0000000008002924                DMA2_Stream3_IRQHandler
                0x0000000008002924                SAI2_IRQHandler
                0x0000000008002924                USART6_IRQHandler
                0x0000000008002924                USART3_IRQHandler
                0x0000000008002924                CAN1_RX1_IRQHandler
                0x0000000008002924                UART5_IRQHandler
                0x0000000008002924                DMA2_Stream0_IRQHandler
                0x0000000008002924                QUADSPI_IRQHandler
                0x0000000008002924                I2C1_EV_IRQHandler
                0x0000000008002924                DMA1_Stream1_IRQHandler
                0x0000000008002924                UART4_IRQHandler
                0x0000000008002924                TIM3_IRQHandler
                0x0000000008002924                RCC_IRQHandler
                0x0000000008002924                TIM8_BRK_TIM12_IRQHandler
                0x0000000008002924                Default_Handler
                0x0000000008002924                CEC_IRQHandler
                0x0000000008002924                ADC_IRQHandler
                0x0000000008002924                DMA1_Stream7_IRQHandler
                0x0000000008002924                TIM7_IRQHandler
                0x0000000008002924                CAN2_TX_IRQHandler
                0x0000000008002924                DMA2_Stream7_IRQHandler
                0x0000000008002924                I2C3_EV_IRQHandler
                0x0000000008002924                EXTI9_5_IRQHandler
                0x0000000008002924                RTC_WKUP_IRQHandler
                0x0000000008002924                SPDIF_RX_IRQHandler
                0x0000000008002924                SPI2_IRQHandler
                0x0000000008002924                OTG_HS_EP1_IN_IRQHandler
                0x0000000008002924                DMA1_Stream0_IRQHandler
                0x0000000008002924                CAN1_TX_IRQHandler
                0x0000000008002924                FMPI2C1_ER_IRQHandler
                0x0000000008002924                EXTI4_IRQHandler
                0x0000000008002924                OTG_HS_EP1_OUT_IRQHandler
                0x0000000008002924                WWDG_IRQHandler
                0x0000000008002924                OTG_FS_WKUP_IRQHandler
                0x0000000008002924                TIM1_TRG_COM_TIM11_IRQHandler
                0x0000000008002924                OTG_HS_IRQHandler
                0x0000000008002924                EXTI1_IRQHandler
                0x0000000008002924                I2C2_ER_IRQHandler
                0x0000000008002924                DMA2_Stream1_IRQHandler
                0x0000000008002924                CAN1_SCE_IRQHandler
                0x0000000008002924                FLASH_IRQHandler
                0x0000000008002924                DMA2_Stream4_IRQHandler
                0x0000000008002924                USART1_IRQHandler
                0x0000000008002924                OTG_FS_IRQHandler
                0x0000000008002924                SPI3_IRQHandler
                0x0000000008002924                DMA1_Stream4_IRQHandler
                0x0000000008002924                I2C1_ER_IRQHandler
                0x0000000008002924                FMC_IRQHandler
                0x0000000008002924                DMA2_Stream6_IRQHandler
                0x0000000008002924                SAI1_IRQHandler
                0x0000000008002924                DMA1_Stream3_IRQHandler
 *fill*         0x0000000008002926        0x2 
 .text.HAL_Init
                0x0000000008002928       0x44 ./Drivers/STM32F4xx_HAL_Driver/Src/stm32f4xx_hal.o
                0x0000000008002928                HAL_Init
 .text.HAL_InitTick
                0x000000000800296c       0x60 ./Drivers/STM32F4xx_HAL_Driver/Src/stm32f4xx_hal.o
                0x000000000800296c                HAL_InitTick
 .text.HAL_IncTick
                0x00000000080029cc       0x28 ./Drivers/STM32F4xx_HAL_Driver/Src/stm32f4xx_hal.o
                0x00000000080029cc                HAL_IncTick
 .text.HAL_GetTick
                0x00000000080029f4       0x18 ./Drivers/STM32F4xx_HAL_Driver/Src/stm32f4xx_hal.o
                0x00000000080029f4                HAL_GetTick
 .text.HAL_Delay
                0x0000000008002a0c       0x48 ./Drivers/STM32F4xx_HAL_Driver/Src/stm32f4xx_hal.o
                0x0000000008002a0c                HAL_Delay
 .text.HAL_ADC_Init
                0x0000000008002a54       0x86 ./Drivers/STM32F4xx_HAL_Driver/Src/stm32f4xx_hal_adc.o
                0x0000000008002a54                HAL_ADC_Init
 *fill*         0x0000000008002ada        0x2 
 .text.HAL_ADC_Start
                0x0000000008002adc      0x1a4 ./Drivers/STM32F4xx_HAL_Driver/Src/stm32f4xx_hal_adc.o
                0x0000000008002adc                HAL_ADC_Start
 .text.HAL_ADC_PollForConversion
                0x0000000008002c80      0x116 ./Drivers/STM32F4xx_HAL_Driver/Src/stm32f4xx_hal_adc.o
                0x0000000008002c80                HAL_ADC_PollForConversion
 .text.HAL_ADC_GetValue
                0x0000000008002d96       0x1a ./Drivers/STM32F4xx_HAL_Driver/Src/stm32f4xx_hal_adc.o
                0x0000000008002d96                HAL_ADC_GetValue
 .text.HAL_ADC_ConfigChannel
                0x0000000008002db0      0x264 ./Drivers/STM32F4xx_HAL_Driver/Src/stm32f4xx_hal_adc.o
                0x0000000008002db0                HAL_ADC_ConfigChannel
 .text.HAL_ADC_GetState
                0x0000000008003014       0x18 ./Drivers/STM32F4xx_HAL_Driver/Src/stm32f4xx_hal_adc.o
                0x0000000008003014                HAL_ADC_GetState
 .text.ADC_Init
                0x000000000800302c      0x1f8 ./Drivers/STM32F4xx_HAL_Driver/Src/stm32f4xx_hal_adc.o
 .text.__NVIC_SetPriorityGrouping
                0x0000000008003224       0x48 ./Drivers/STM32F4xx_HAL_Driver/Src/stm32f4xx_hal_cortex.o
 .text.__NVIC_GetPriorityGrouping
                0x000000000800326c       0x1c ./Drivers/STM32F4xx_HAL_Driver/Src/stm32f4xx_hal_cortex.o
 .text.__NVIC_EnableIRQ
                0x0000000008003288       0x3c ./Drivers/STM32F4xx_HAL_Driver/Src/stm32f4xx_hal_cortex.o
 .text.__NVIC_SetPriority
                0x00000000080032c4       0x54 ./Drivers/STM32F4xx_HAL_Driver/Src/stm32f4xx_hal_cortex.o
 .text.NVIC_EncodePriority
                0x0000000008003318       0x66 ./Drivers/STM32F4xx_HAL_Driver/Src/stm32f4xx_hal_cortex.o
 *fill*         0x000000000800337e        0x2 
 .text.SysTick_Config
                0x0000000008003380       0x44 ./Drivers/STM32F4xx_HAL_Driver/Src/stm32f4xx_hal_cortex.o
 .text.HAL_NVIC_SetPriorityGrouping
                0x00000000080033c4       0x16 ./Drivers/STM32F4xx_HAL_Driver/Src/stm32f4xx_hal_cortex.o
                0x00000000080033c4                HAL_NVIC_SetPriorityGrouping
 .text.HAL_NVIC_SetPriority
                0x00000000080033da       0x38 ./Drivers/STM32F4xx_HAL_Driver/Src/stm32f4xx_hal_cortex.o
                0x00000000080033da                HAL_NVIC_SetPriority
 .text.HAL_NVIC_EnableIRQ
                0x0000000008003412       0x1c ./Drivers/STM32F4xx_HAL_Driver/Src/stm32f4xx_hal_cortex.o
                0x0000000008003412                HAL_NVIC_EnableIRQ
 .text.HAL_SYSTICK_Config
                0x000000000800342e       0x18 ./Drivers/STM32F4xx_HAL_Driver/Src/stm32f4xx_hal_cortex.o
                0x000000000800342e                HAL_SYSTICK_Config
 .text.HAL_DAC_Init
                0x0000000008003446       0x44 ./Drivers/STM32F4xx_HAL_Driver/Src/stm32f4xx_hal_dac.o
                0x0000000008003446                HAL_DAC_Init
 .text.HAL_DAC_Start
                0x000000000800348a       0xa4 ./Drivers/STM32F4xx_HAL_Driver/Src/stm32f4xx_hal_dac.o
                0x000000000800348a                HAL_DAC_Start
 .text.HAL_DAC_IRQHandler
                0x000000000800352e       0xb4 ./Drivers/STM32F4xx_HAL_Driver/Src/stm32f4xx_hal_dac.o
                0x000000000800352e                HAL_DAC_IRQHandler
 .text.HAL_DAC_SetValue
                0x00000000080035e2       0x4a ./Drivers/STM32F4xx_HAL_Driver/Src/stm32f4xx_hal_dac.o
                0x00000000080035e2                HAL_DAC_SetValue
 .text.HAL_DAC_DMAUnderrunCallbackCh1
                0x000000000800362c       0x14 ./Drivers/STM32F4xx_HAL_Driver/Src/stm32f4xx_hal_dac.o
                0x000000000800362c                HAL_DAC_DMAUnderrunCallbackCh1
 .text.HAL_DAC_ConfigChannel
                0x0000000008003640       0x9e ./Drivers/STM32F4xx_HAL_Driver/Src/stm32f4xx_hal_dac.o
                0x0000000008003640                HAL_DAC_ConfigChannel
 .text.HAL_DACEx_DMAUnderrunCallbackCh2
                0x00000000080036de       0x14 ./Drivers/STM32F4xx_HAL_Driver/Src/stm32f4xx_hal_dac_ex.o
                0x00000000080036de                HAL_DACEx_DMAUnderrunCallbackCh2
 *fill*         0x00000000080036f2        0x2 
 .text.HAL_DMA_Init
                0x00000000080036f4      0x15c ./Drivers/STM32F4xx_HAL_Driver/Src/stm32f4xx_hal_dma.o
                0x00000000080036f4                HAL_DMA_Init
 .text.HAL_DMA_Abort
                0x0000000008003850       0xe0 ./Drivers/STM32F4xx_HAL_Driver/Src/stm32f4xx_hal_dma.o
                0x0000000008003850                HAL_DMA_Abort
 .text.HAL_DMA_Abort_IT
                0x0000000008003930       0x44 ./Drivers/STM32F4xx_HAL_Driver/Src/stm32f4xx_hal_dma.o
                0x0000000008003930                HAL_DMA_Abort_IT
 .text.HAL_DMA_IRQHandler
                0x0000000008003974      0x314 ./Drivers/STM32F4xx_HAL_Driver/Src/stm32f4xx_hal_dma.o
                0x0000000008003974                HAL_DMA_IRQHandler
 .text.DMA_CalcBaseAndBitshift
                0x0000000008003c88       0x6c ./Drivers/STM32F4xx_HAL_Driver/Src/stm32f4xx_hal_dma.o
 .text.DMA_CheckFifoParam
                0x0000000008003cf4       0xf8 ./Drivers/STM32F4xx_HAL_Driver/Src/stm32f4xx_hal_dma.o
 .text.HAL_GPIO_Init
                0x0000000008003dec      0x328 ./Drivers/STM32F4xx_HAL_Driver/Src/stm32f4xx_hal_gpio.o
                0x0000000008003dec                HAL_GPIO_Init
 .text.HAL_GPIO_EXTI_IRQHandler
                0x0000000008004114       0x30 ./Drivers/STM32F4xx_HAL_Driver/Src/stm32f4xx_hal_gpio.o
                0x0000000008004114                HAL_GPIO_EXTI_IRQHandler
 .text.HAL_RCC_ClockConfig
                0x0000000008004144      0x1cc ./Drivers/STM32F4xx_HAL_Driver/Src/stm32f4xx_hal_rcc.o
                0x0000000008004144                HAL_RCC_ClockConfig
 .text.HAL_RCC_GetHCLKFreq
                0x0000000008004310       0x18 ./Drivers/STM32F4xx_HAL_Driver/Src/stm32f4xx_hal_rcc.o
                0x0000000008004310                HAL_RCC_GetHCLKFreq
 .text.HAL_RCC_GetPCLK1Freq
                0x0000000008004328       0x28 ./Drivers/STM32F4xx_HAL_Driver/Src/stm32f4xx_hal_rcc.o
                0x0000000008004328                HAL_RCC_GetPCLK1Freq
 .text.HAL_RCC_GetPCLK2Freq
                0x0000000008004350       0x28 ./Drivers/STM32F4xx_HAL_Driver/Src/stm32f4xx_hal_rcc.o
                0x0000000008004350                HAL_RCC_GetPCLK2Freq
 .text.HAL_RCC_GetSysClockFreq
                0x0000000008004378      0x354 ./Drivers/STM32F4xx_HAL_Driver/Src/stm32f4xx_hal_rcc_ex.o
                0x0000000008004378                HAL_RCC_GetSysClockFreq
 .text.HAL_RCC_OscConfig
                0x00000000080046cc      0x53c ./Drivers/STM32F4xx_HAL_Driver/Src/stm32f4xx_hal_rcc_ex.o
                0x00000000080046cc                HAL_RCC_OscConfig
 .text.HAL_TIM_Base_Init
                0x0000000008004c08       0x9e ./Drivers/STM32F4xx_HAL_Driver/Src/stm32f4xx_hal_tim.o
                0x0000000008004c08                HAL_TIM_Base_Init
 *fill*         0x0000000008004ca6        0x2 
 .text.HAL_TIM_Base_Start_IT
                0x0000000008004ca8       0xe0 ./Drivers/STM32F4xx_HAL_Driver/Src/stm32f4xx_hal_tim.o
                0x0000000008004ca8                HAL_TIM_Base_Start_IT
 .text.HAL_TIM_PWM_Init
                0x0000000008004d88       0x9e ./Drivers/STM32F4xx_HAL_Driver/Src/stm32f4xx_hal_tim.o
                0x0000000008004d88                HAL_TIM_PWM_Init
 *fill*         0x0000000008004e26        0x2 
 .text.HAL_TIM_PWM_Start
                0x0000000008004e28      0x190 ./Drivers/STM32F4xx_HAL_Driver/Src/stm32f4xx_hal_tim.o
                0x0000000008004e28                HAL_TIM_PWM_Start
 .text.HAL_TIM_Encoder_Init
                0x0000000008004fb8      0x14c ./Drivers/STM32F4xx_HAL_Driver/Src/stm32f4xx_hal_tim.o
                0x0000000008004fb8                HAL_TIM_Encoder_Init
 .text.HAL_TIM_Encoder_Start
                0x0000000008005104      0x11c ./Drivers/STM32F4xx_HAL_Driver/Src/stm32f4xx_hal_tim.o
                0x0000000008005104                HAL_TIM_Encoder_Start
 .text.HAL_TIM_IRQHandler
                0x0000000008005220      0x210 ./Drivers/STM32F4xx_HAL_Driver/Src/stm32f4xx_hal_tim.o
                0x0000000008005220                HAL_TIM_IRQHandler
 .text.HAL_TIM_PWM_ConfigChannel
                0x0000000008005430      0x184 ./Drivers/STM32F4xx_HAL_Driver/Src/stm32f4xx_hal_tim.o
                0x0000000008005430                HAL_TIM_PWM_ConfigChannel
 .text.HAL_TIM_OC_DelayElapsedCallback
                0x00000000080055b4       0x14 ./Drivers/STM32F4xx_HAL_Driver/Src/stm32f4xx_hal_tim.o
                0x00000000080055b4                HAL_TIM_OC_DelayElapsedCallback
 .text.HAL_TIM_IC_CaptureCallback
                0x00000000080055c8       0x14 ./Drivers/STM32F4xx_HAL_Driver/Src/stm32f4xx_hal_tim.o
                0x00000000080055c8                HAL_TIM_IC_CaptureCallback
 .text.HAL_TIM_PWM_PulseFinishedCallback
                0x00000000080055dc       0x14 ./Drivers/STM32F4xx_HAL_Driver/Src/stm32f4xx_hal_tim.o
                0x00000000080055dc                HAL_TIM_PWM_PulseFinishedCallback
 .text.HAL_TIM_TriggerCallback
                0x00000000080055f0       0x14 ./Drivers/STM32F4xx_HAL_Driver/Src/stm32f4xx_hal_tim.o
                0x00000000080055f0                HAL_TIM_TriggerCallback
 .text.TIM_Base_SetConfig
                0x0000000008005604      0x140 ./Drivers/STM32F4xx_HAL_Driver/Src/stm32f4xx_hal_tim.o
                0x0000000008005604                TIM_Base_SetConfig
 .text.TIM_OC1_SetConfig
                0x0000000008005744       0xe0 ./Drivers/STM32F4xx_HAL_Driver/Src/stm32f4xx_hal_tim.o
 .text.TIM_OC2_SetConfig
                0x0000000008005824       0xec ./Drivers/STM32F4xx_HAL_Driver/Src/stm32f4xx_hal_tim.o
                0x0000000008005824                TIM_OC2_SetConfig
 .text.TIM_OC3_SetConfig
                0x0000000008005910       0xe8 ./Drivers/STM32F4xx_HAL_Driver/Src/stm32f4xx_hal_tim.o
 .text.TIM_OC4_SetConfig
                0x00000000080059f8       0xac ./Drivers/STM32F4xx_HAL_Driver/Src/stm32f4xx_hal_tim.o
 .text.TIM_CCxChannelCmd
                0x0000000008005aa4       0x4a ./Drivers/STM32F4xx_HAL_Driver/Src/stm32f4xx_hal_tim.o
                0x0000000008005aa4                TIM_CCxChannelCmd
 *fill*         0x0000000008005aee        0x2 
 .text.HAL_TIMEx_MasterConfigSynchronization
                0x0000000008005af0       0xf8 ./Drivers/STM32F4xx_HAL_Driver/Src/stm32f4xx_hal_tim_ex.o
                0x0000000008005af0                HAL_TIMEx_MasterConfigSynchronization
 .text.HAL_TIMEx_ConfigBreakDeadTime
                0x0000000008005be8       0xa4 ./Drivers/STM32F4xx_HAL_Driver/Src/stm32f4xx_hal_tim_ex.o
                0x0000000008005be8                HAL_TIMEx_ConfigBreakDeadTime
 .text.HAL_TIMEx_CommutCallback
                0x0000000008005c8c       0x14 ./Drivers/STM32F4xx_HAL_Driver/Src/stm32f4xx_hal_tim_ex.o
                0x0000000008005c8c                HAL_TIMEx_CommutCallback
 .text.HAL_TIMEx_BreakCallback
                0x0000000008005ca0       0x14 ./Drivers/STM32F4xx_HAL_Driver/Src/stm32f4xx_hal_tim_ex.o
                0x0000000008005ca0                HAL_TIMEx_BreakCallback
 .text.HAL_UART_Init
                0x0000000008005cb4       0x9a ./Drivers/STM32F4xx_HAL_Driver/Src/stm32f4xx_hal_uart.o
                0x0000000008005cb4                HAL_UART_Init
 .text.HAL_UART_Transmit
                0x0000000008005d4e      0x124 ./Drivers/STM32F4xx_HAL_Driver/Src/stm32f4xx_hal_uart.o
                0x0000000008005d4e                HAL_UART_Transmit
 *fill*         0x0000000008005e72        0x2 
 .text.HAL_UART_IRQHandler
                0x0000000008005e74      0x51c ./Drivers/STM32F4xx_HAL_Driver/Src/stm32f4xx_hal_uart.o
                0x0000000008005e74                HAL_UART_IRQHandler
 .text.HAL_UART_TxCpltCallback
                0x0000000008006390       0x14 ./Drivers/STM32F4xx_HAL_Driver/Src/stm32f4xx_hal_uart.o
                0x0000000008006390                HAL_UART_TxCpltCallback
 .text.HAL_UART_RxCpltCallback
                0x00000000080063a4       0x14 ./Drivers/STM32F4xx_HAL_Driver/Src/stm32f4xx_hal_uart.o
                0x00000000080063a4                HAL_UART_RxCpltCallback
 .text.HAL_UART_ErrorCallback
                0x00000000080063b8       0x14 ./Drivers/STM32F4xx_HAL_Driver/Src/stm32f4xx_hal_uart.o
                0x00000000080063b8                HAL_UART_ErrorCallback
 .text.HAL_UARTEx_RxEventCallback
                0x00000000080063cc       0x18 ./Drivers/STM32F4xx_HAL_Driver/Src/stm32f4xx_hal_uart.o
                0x00000000080063cc                HAL_UARTEx_RxEventCallback
 .text.UART_WaitOnFlagUntilTimeout
                0x00000000080063e4       0xdc ./Drivers/STM32F4xx_HAL_Driver/Src/stm32f4xx_hal_uart.o
 .text.UART_EndRxTransfer
                0x00000000080064c0       0xc6 ./Drivers/STM32F4xx_HAL_Driver/Src/stm32f4xx_hal_uart.o
 .text.UART_DMAAbortOnError
                0x0000000008006586       0x28 ./Drivers/STM32F4xx_HAL_Driver/Src/stm32f4xx_hal_uart.o
 .text.UART_Transmit_IT
                0x00000000080065ae       0xa0 ./Drivers/STM32F4xx_HAL_Driver/Src/stm32f4xx_hal_uart.o
 .text.UART_EndTransmit_IT
                0x000000000800664e       0x30 ./Drivers/STM32F4xx_HAL_Driver/Src/stm32f4xx_hal_uart.o
 .text.UART_Receive_IT
                0x000000000800667e      0x176 ./Drivers/STM32F4xx_HAL_Driver/Src/stm32f4xx_hal_uart.o
 .text.UART_SetConfig
                0x00000000080067f4      0x4e8 ./Drivers/STM32F4xx_HAL_Driver/Src/stm32f4xx_hal_uart.o
 .text.sprintf  0x0000000008006cdc       0x40 C:/ST/STM32CubeIDE_1.13.1/STM32CubeIDE/plugins/com.st.stm32cube.ide.mcu.externaltools.gnu-tools-for-stm32.11.3.rel1.win32_1.1.0.202305231506/tools/bin/../lib/gcc/arm-none-eabi/11.3.1/../../../../arm-none-eabi/lib/thumb/v7e-m+fp/hard\libc_nano.a(libc_a-sprintf.o)
                0x0000000008006cdc                siprintf
                0x0000000008006cdc                sprintf
 .text.memset   0x0000000008006d1c       0x10 C:/ST/STM32CubeIDE_1.13.1/STM32CubeIDE/plugins/com.st.stm32cube.ide.mcu.externaltools.gnu-tools-for-stm32.11.3.rel1.win32_1.1.0.202305231506/tools/bin/../lib/gcc/arm-none-eabi/11.3.1/../../../../arm-none-eabi/lib/thumb/v7e-m+fp/hard\libc_nano.a(libc_a-memset.o)
                0x0000000008006d1c                memset
 .text.__errno  0x0000000008006d2c        0xc C:/ST/STM32CubeIDE_1.13.1/STM32CubeIDE/plugins/com.st.stm32cube.ide.mcu.externaltools.gnu-tools-for-stm32.11.3.rel1.win32_1.1.0.202305231506/tools/bin/../lib/gcc/arm-none-eabi/11.3.1/../../../../arm-none-eabi/lib/thumb/v7e-m+fp/hard\libc_nano.a(libc_a-errno.o)
                0x0000000008006d2c                __errno
 .text.__libc_init_array
                0x0000000008006d38       0x48 C:/ST/STM32CubeIDE_1.13.1/STM32CubeIDE/plugins/com.st.stm32cube.ide.mcu.externaltools.gnu-tools-for-stm32.11.3.rel1.win32_1.1.0.202305231506/tools/bin/../lib/gcc/arm-none-eabi/11.3.1/../../../../arm-none-eabi/lib/thumb/v7e-m+fp/hard\libc_nano.a(libc_a-init.o)
                0x0000000008006d38                __libc_init_array
 .text.__retarget_lock_acquire_recursive
                0x0000000008006d80        0x2 C:/ST/STM32CubeIDE_1.13.1/STM32CubeIDE/plugins/com.st.stm32cube.ide.mcu.externaltools.gnu-tools-for-stm32.11.3.rel1.win32_1.1.0.202305231506/tools/bin/../lib/gcc/arm-none-eabi/11.3.1/../../../../arm-none-eabi/lib/thumb/v7e-m+fp/hard\libc_nano.a(libc_a-lock.o)
                0x0000000008006d80                __retarget_lock_acquire_recursive
 .text.__retarget_lock_release_recursive
                0x0000000008006d82        0x2 C:/ST/STM32CubeIDE_1.13.1/STM32CubeIDE/plugins/com.st.stm32cube.ide.mcu.externaltools.gnu-tools-for-stm32.11.3.rel1.win32_1.1.0.202305231506/tools/bin/../lib/gcc/arm-none-eabi/11.3.1/../../../../arm-none-eabi/lib/thumb/v7e-m+fp/hard\libc_nano.a(libc_a-lock.o)
                0x0000000008006d82                __retarget_lock_release_recursive
 .text._free_r  0x0000000008006d84       0x98 C:/ST/STM32CubeIDE_1.13.1/STM32CubeIDE/plugins/com.st.stm32cube.ide.mcu.externaltools.gnu-tools-for-stm32.11.3.rel1.win32_1.1.0.202305231506/tools/bin/../lib/gcc/arm-none-eabi/11.3.1/../../../../arm-none-eabi/lib/thumb/v7e-m+fp/hard\libc_nano.a(libc_a-freer.o)
                0x0000000008006d84                _free_r
 .text.sbrk_aligned
                0x0000000008006e1c       0x40 C:/ST/STM32CubeIDE_1.13.1/STM32CubeIDE/plugins/com.st.stm32cube.ide.mcu.externaltools.gnu-tools-for-stm32.11.3.rel1.win32_1.1.0.202305231506/tools/bin/../lib/gcc/arm-none-eabi/11.3.1/../../../../arm-none-eabi/lib/thumb/v7e-m+fp/hard\libc_nano.a(libc_a-mallocr.o)
 .text._malloc_r
                0x0000000008006e5c      0x100 C:/ST/STM32CubeIDE_1.13.1/STM32CubeIDE/plugins/com.st.stm32cube.ide.mcu.externaltools.gnu-tools-for-stm32.11.3.rel1.win32_1.1.0.202305231506/tools/bin/../lib/gcc/arm-none-eabi/11.3.1/../../../../arm-none-eabi/lib/thumb/v7e-m+fp/hard\libc_nano.a(libc_a-mallocr.o)
                0x0000000008006e5c                _malloc_r
 .text.__malloc_lock
                0x0000000008006f5c        0xc C:/ST/STM32CubeIDE_1.13.1/STM32CubeIDE/plugins/com.st.stm32cube.ide.mcu.externaltools.gnu-tools-for-stm32.11.3.rel1.win32_1.1.0.202305231506/tools/bin/../lib/gcc/arm-none-eabi/11.3.1/../../../../arm-none-eabi/lib/thumb/v7e-m+fp/hard\libc_nano.a(libc_a-mlock.o)
                0x0000000008006f5c                __malloc_lock
 .text.__malloc_unlock
                0x0000000008006f68        0xc C:/ST/STM32CubeIDE_1.13.1/STM32CubeIDE/plugins/com.st.stm32cube.ide.mcu.externaltools.gnu-tools-for-stm32.11.3.rel1.win32_1.1.0.202305231506/tools/bin/../lib/gcc/arm-none-eabi/11.3.1/../../../../arm-none-eabi/lib/thumb/v7e-m+fp/hard\libc_nano.a(libc_a-mlock.o)
                0x0000000008006f68                __malloc_unlock
 .text.__ssputs_r
                0x0000000008006f74       0xb4 C:/ST/STM32CubeIDE_1.13.1/STM32CubeIDE/plugins/com.st.stm32cube.ide.mcu.externaltools.gnu-tools-for-stm32.11.3.rel1.win32_1.1.0.202305231506/tools/bin/../lib/gcc/arm-none-eabi/11.3.1/../../../../arm-none-eabi/lib/thumb/v7e-m+fp/hard\libc_nano.a(libc_a-nano-svfprintf.o)
                0x0000000008006f74                __ssputs_r
 .text._svfprintf_r
                0x0000000008007028      0x1fc C:/ST/STM32CubeIDE_1.13.1/STM32CubeIDE/plugins/com.st.stm32cube.ide.mcu.externaltools.gnu-tools-for-stm32.11.3.rel1.win32_1.1.0.202305231506/tools/bin/../lib/gcc/arm-none-eabi/11.3.1/../../../../arm-none-eabi/lib/thumb/v7e-m+fp/hard\libc_nano.a(libc_a-nano-svfprintf.o)
                0x0000000008007028                _svfiprintf_r
                0x0000000008007028                _svfprintf_r
 .text._printf_common
                0x0000000008007224       0xda C:/ST/STM32CubeIDE_1.13.1/STM32CubeIDE/plugins/com.st.stm32cube.ide.mcu.externaltools.gnu-tools-for-stm32.11.3.rel1.win32_1.1.0.202305231506/tools/bin/../lib/gcc/arm-none-eabi/11.3.1/../../../../arm-none-eabi/lib/thumb/v7e-m+fp/hard\libc_nano.a(libc_a-nano-vfprintf_i.o)
                0x0000000008007224                _printf_common
 *fill*         0x00000000080072fe        0x2 
 .text._printf_i
                0x0000000008007300      0x244 C:/ST/STM32CubeIDE_1.13.1/STM32CubeIDE/plugins/com.st.stm32cube.ide.mcu.externaltools.gnu-tools-for-stm32.11.3.rel1.win32_1.1.0.202305231506/tools/bin/../lib/gcc/arm-none-eabi/11.3.1/../../../../arm-none-eabi/lib/thumb/v7e-m+fp/hard\libc_nano.a(libc_a-nano-vfprintf_i.o)
                0x0000000008007300                _printf_i
 .text.memmove  0x0000000008007544       0x34 C:/ST/STM32CubeIDE_1.13.1/STM32CubeIDE/plugins/com.st.stm32cube.ide.mcu.externaltools.gnu-tools-for-stm32.11.3.rel1.win32_1.1.0.202305231506/tools/bin/../lib/gcc/arm-none-eabi/11.3.1/../../../../arm-none-eabi/lib/thumb/v7e-m+fp/hard\libc_nano.a(libc_a-memmove.o)
                0x0000000008007544                memmove
 .text._sbrk_r  0x0000000008007578       0x20 C:/ST/STM32CubeIDE_1.13.1/STM32CubeIDE/plugins/com.st.stm32cube.ide.mcu.externaltools.gnu-tools-for-stm32.11.3.rel1.win32_1.1.0.202305231506/tools/bin/../lib/gcc/arm-none-eabi/11.3.1/../../../../arm-none-eabi/lib/thumb/v7e-m+fp/hard\libc_nano.a(libc_a-sbrkr.o)
                0x0000000008007578                _sbrk_r
 .text.memcpy   0x0000000008007598       0x1c C:/ST/STM32CubeIDE_1.13.1/STM32CubeIDE/plugins/com.st.stm32cube.ide.mcu.externaltools.gnu-tools-for-stm32.11.3.rel1.win32_1.1.0.202305231506/tools/bin/../lib/gcc/arm-none-eabi/11.3.1/../../../../arm-none-eabi/lib/thumb/v7e-m+fp/hard\libc_nano.a(libc_a-memcpy-stub.o)
                0x0000000008007598                memcpy
 .text._realloc_r
                0x00000000080075b4       0x5e C:/ST/STM32CubeIDE_1.13.1/STM32CubeIDE/plugins/com.st.stm32cube.ide.mcu.externaltools.gnu-tools-for-stm32.11.3.rel1.win32_1.1.0.202305231506/tools/bin/../lib/gcc/arm-none-eabi/11.3.1/../../../../arm-none-eabi/lib/thumb/v7e-m+fp/hard\libc_nano.a(libc_a-reallocr.o)
                0x00000000080075b4                _realloc_r
 .text._malloc_usable_size_r
                0x0000000008007612       0x10 C:/ST/STM32CubeIDE_1.13.1/STM32CubeIDE/plugins/com.st.stm32cube.ide.mcu.externaltools.gnu-tools-for-stm32.11.3.rel1.win32_1.1.0.202305231506/tools/bin/../lib/gcc/arm-none-eabi/11.3.1/../../../../arm-none-eabi/lib/thumb/v7e-m+fp/hard\libc_nano.a(libc_a-msizer.o)
                0x0000000008007612                _malloc_usable_size_r
 *(.glue_7)
 .glue_7        0x0000000008007622        0x0 linker stubs
 *(.glue_7t)
 .glue_7t       0x0000000008007622        0x0 linker stubs
 *(.eh_frame)
 *fill*         0x0000000008007622        0x2 
 .eh_frame      0x0000000008007624        0x0 C:/ST/STM32CubeIDE_1.13.1/STM32CubeIDE/plugins/com.st.stm32cube.ide.mcu.externaltools.gnu-tools-for-stm32.11.3.rel1.win32_1.1.0.202305231506/tools/bin/../lib/gcc/arm-none-eabi/11.3.1/thumb/v7e-m+fp/hard/crtbegin.o
 *(.init)
 .init          0x0000000008007624        0x4 C:/ST/STM32CubeIDE_1.13.1/STM32CubeIDE/plugins/com.st.stm32cube.ide.mcu.externaltools.gnu-tools-for-stm32.11.3.rel1.win32_1.1.0.202305231506/tools/bin/../lib/gcc/arm-none-eabi/11.3.1/thumb/v7e-m+fp/hard/crti.o
                0x0000000008007624                _init
 .init          0x0000000008007628        0x8 C:/ST/STM32CubeIDE_1.13.1/STM32CubeIDE/plugins/com.st.stm32cube.ide.mcu.externaltools.gnu-tools-for-stm32.11.3.rel1.win32_1.1.0.202305231506/tools/bin/../lib/gcc/arm-none-eabi/11.3.1/thumb/v7e-m+fp/hard/crtn.o
 *(.fini)
 .fini          0x0000000008007630        0x4 C:/ST/STM32CubeIDE_1.13.1/STM32CubeIDE/plugins/com.st.stm32cube.ide.mcu.externaltools.gnu-tools-for-stm32.11.3.rel1.win32_1.1.0.202305231506/tools/bin/../lib/gcc/arm-none-eabi/11.3.1/thumb/v7e-m+fp/hard/crti.o
                0x0000000008007630                _fini
 .fini          0x0000000008007634        0x8 C:/ST/STM32CubeIDE_1.13.1/STM32CubeIDE/plugins/com.st.stm32cube.ide.mcu.externaltools.gnu-tools-for-stm32.11.3.rel1.win32_1.1.0.202305231506/tools/bin/../lib/gcc/arm-none-eabi/11.3.1/thumb/v7e-m+fp/hard/crtn.o
                0x000000000800763c                . = ALIGN (0x4)
                0x000000000800763c                _etext = .

.vfp11_veneer   0x000000000800763c        0x0
 .vfp11_veneer  0x000000000800763c        0x0 linker stubs

.v4_bx          0x000000000800763c        0x0
 .v4_bx         0x000000000800763c        0x0 linker stubs

.iplt           0x000000000800763c        0x0
 .iplt          0x000000000800763c        0x0 C:/ST/STM32CubeIDE_1.13.1/STM32CubeIDE/plugins/com.st.stm32cube.ide.mcu.externaltools.gnu-tools-for-stm32.11.3.rel1.win32_1.1.0.202305231506/tools/bin/../lib/gcc/arm-none-eabi/11.3.1/thumb/v7e-m+fp/hard/crtbegin.o

.rodata         0x000000000800763c      0x14c
                0x000000000800763c                . = ALIGN (0x4)
 *(.rodata)
 .rodata        0x000000000800763c       0xf8 ./Core/Src/main.o
 *(.rodata*)
 .rodata.AHBPrescTable
                0x0000000008007734       0x10 ./Core/Src/system_stm32f4xx.o
                0x0000000008007734                AHBPrescTable
 .rodata.APBPrescTable
                0x0000000008007744        0x8 ./Core/Src/system_stm32f4xx.o
                0x0000000008007744                APBPrescTable
 .rodata.flagBitshiftOffset.0
                0x000000000800774c        0x8 ./Drivers/STM32F4xx_HAL_Driver/Src/stm32f4xx_hal_dma.o
 .rodata._svfprintf_r.str1.1
                0x0000000008007754       0x11 C:/ST/STM32CubeIDE_1.13.1/STM32CubeIDE/plugins/com.st.stm32cube.ide.mcu.externaltools.gnu-tools-for-stm32.11.3.rel1.win32_1.1.0.202305231506/tools/bin/../lib/gcc/arm-none-eabi/11.3.1/../../../../arm-none-eabi/lib/thumb/v7e-m+fp/hard\libc_nano.a(libc_a-nano-svfprintf.o)
 .rodata._printf_i.str1.1
                0x0000000008007765       0x22 C:/ST/STM32CubeIDE_1.13.1/STM32CubeIDE/plugins/com.st.stm32cube.ide.mcu.externaltools.gnu-tools-for-stm32.11.3.rel1.win32_1.1.0.202305231506/tools/bin/../lib/gcc/arm-none-eabi/11.3.1/../../../../arm-none-eabi/lib/thumb/v7e-m+fp/hard\libc_nano.a(libc_a-nano-vfprintf_i.o)
                0x0000000008007788                . = ALIGN (0x4)
 *fill*         0x0000000008007787        0x1 

.ARM.extab      0x0000000008007788        0x0
                0x0000000008007788                . = ALIGN (0x4)
 *(.ARM.extab* .gnu.linkonce.armextab.*)
                0x0000000008007788                . = ALIGN (0x4)

.ARM            0x0000000008007788        0x8
                0x0000000008007788                . = ALIGN (0x4)
                0x0000000008007788                __exidx_start = .
 *(.ARM.exidx*)
 .ARM.exidx     0x0000000008007788        0x8 C:/ST/STM32CubeIDE_1.13.1/STM32CubeIDE/plugins/com.st.stm32cube.ide.mcu.externaltools.gnu-tools-for-stm32.11.3.rel1.win32_1.1.0.202305231506/tools/bin/../lib/gcc/arm-none-eabi/11.3.1/thumb/v7e-m+fp/hard\libgcc.a(_udivmoddi4.o)
                0x0000000008007790                __exidx_end = .
                0x0000000008007790                . = ALIGN (0x4)

.rel.dyn        0x0000000008007790        0x0
 .rel.iplt      0x0000000008007790        0x0 C:/ST/STM32CubeIDE_1.13.1/STM32CubeIDE/plugins/com.st.stm32cube.ide.mcu.externaltools.gnu-tools-for-stm32.11.3.rel1.win32_1.1.0.202305231506/tools/bin/../lib/gcc/arm-none-eabi/11.3.1/thumb/v7e-m+fp/hard/crtbegin.o

.preinit_array  0x0000000008007790        0x0
                0x0000000008007790                . = ALIGN (0x4)
                0x0000000008007790                PROVIDE (__preinit_array_start = .)
 *(.preinit_array*)
                0x0000000008007790                PROVIDE (__preinit_array_end = .)
                0x0000000008007790                . = ALIGN (0x4)

.init_array     0x0000000008007790        0x4
                0x0000000008007790                . = ALIGN (0x4)
                0x0000000008007790                PROVIDE (__init_array_start = .)
 *(SORT_BY_NAME(.init_array.*))
 *(.init_array*)
 .init_array    0x0000000008007790        0x4 C:/ST/STM32CubeIDE_1.13.1/STM32CubeIDE/plugins/com.st.stm32cube.ide.mcu.externaltools.gnu-tools-for-stm32.11.3.rel1.win32_1.1.0.202305231506/tools/bin/../lib/gcc/arm-none-eabi/11.3.1/thumb/v7e-m+fp/hard/crtbegin.o
                0x0000000008007794                PROVIDE (__init_array_end = .)
                0x0000000008007794                . = ALIGN (0x4)

.fini_array     0x0000000008007794        0x4
                0x0000000008007794                . = ALIGN (0x4)
                [!provide]                        PROVIDE (__fini_array_start = .)
 *(SORT_BY_NAME(.fini_array.*))
 *(.fini_array*)
 .fini_array    0x0000000008007794        0x4 C:/ST/STM32CubeIDE_1.13.1/STM32CubeIDE/plugins/com.st.stm32cube.ide.mcu.externaltools.gnu-tools-for-stm32.11.3.rel1.win32_1.1.0.202305231506/tools/bin/../lib/gcc/arm-none-eabi/11.3.1/thumb/v7e-m+fp/hard/crtbegin.o
                [!provide]                        PROVIDE (__fini_array_end = .)
                0x0000000008007798                . = ALIGN (0x4)
                0x0000000008007798                _sidata = LOADADDR (.data)

.data           0x0000000020000000       0x60 load address 0x0000000008007798
                0x0000000020000000                . = ALIGN (0x4)
                0x0000000020000000                _sdata = .
 *(.data)
 *(.data*)
 .data.FSRThreshold
                0x0000000020000000        0x2 ./Core/Src/main.o
                0x0000000020000000                FSRThreshold
 *fill*         0x0000000020000002        0x2 
 .data.SystemCoreClock
                0x0000000020000004        0x4 ./Core/Src/system_stm32f4xx.o
                0x0000000020000004                SystemCoreClock
 .data.uwTickPrio
                0x0000000020000008        0x4 ./Drivers/STM32F4xx_HAL_Driver/Src/stm32f4xx_hal.o
                0x0000000020000008                uwTickPrio
 .data.uwTickFreq
                0x000000002000000c        0x1 ./Drivers/STM32F4xx_HAL_Driver/Src/stm32f4xx_hal.o
                0x000000002000000c                uwTickFreq
 *fill*         0x000000002000000d        0x3 
 .data._impure_data
                0x0000000020000010       0x4c C:/ST/STM32CubeIDE_1.13.1/STM32CubeIDE/plugins/com.st.stm32cube.ide.mcu.externaltools.gnu-tools-for-stm32.11.3.rel1.win32_1.1.0.202305231506/tools/bin/../lib/gcc/arm-none-eabi/11.3.1/../../../../arm-none-eabi/lib/thumb/v7e-m+fp/hard\libc_nano.a(libc_a-impure.o)
                0x0000000020000010                _impure_data
 .data._impure_ptr
                0x000000002000005c        0x4 C:/ST/STM32CubeIDE_1.13.1/STM32CubeIDE/plugins/com.st.stm32cube.ide.mcu.externaltools.gnu-tools-for-stm32.11.3.rel1.win32_1.1.0.202305231506/tools/bin/../lib/gcc/arm-none-eabi/11.3.1/../../../../arm-none-eabi/lib/thumb/v7e-m+fp/hard\libc_nano.a(libc_a-impure.o)
                0x000000002000005c                _impure_ptr
 *(.RamFunc)
 *(.RamFunc*)
                0x0000000020000060                . = ALIGN (0x4)
                0x0000000020000060                _edata = .

.igot.plt       0x0000000020000060        0x0 load address 0x00000000080077f8
 .igot.plt      0x0000000020000060        0x0 C:/ST/STM32CubeIDE_1.13.1/STM32CubeIDE/plugins/com.st.stm32cube.ide.mcu.externaltools.gnu-tools-for-stm32.11.3.rel1.win32_1.1.0.202305231506/tools/bin/../lib/gcc/arm-none-eabi/11.3.1/thumb/v7e-m+fp/hard/crtbegin.o
                0x0000000020000060                . = ALIGN (0x4)

.bss            0x0000000020000060      0x590 load address 0x00000000080077f8
                0x0000000020000060                _sbss = .
                0x0000000020000060                __bss_start__ = _sbss
 *(.bss)
 .bss           0x0000000020000060       0x1c C:/ST/STM32CubeIDE_1.13.1/STM32CubeIDE/plugins/com.st.stm32cube.ide.mcu.externaltools.gnu-tools-for-stm32.11.3.rel1.win32_1.1.0.202305231506/tools/bin/../lib/gcc/arm-none-eabi/11.3.1/thumb/v7e-m+fp/hard/crtbegin.o
 *(.bss*)
 .bss.hadc1     0x000000002000007c       0x48 ./Core/Src/main.o
                0x000000002000007c                hadc1
 .bss.hdac      0x00000000200000c4       0x14 ./Core/Src/main.o
                0x00000000200000c4                hdac
 .bss.htim1     0x00000000200000d8       0x48 ./Core/Src/main.o
                0x00000000200000d8                htim1
 .bss.htim2     0x0000000020000120       0x48 ./Core/Src/main.o
                0x0000000020000120                htim2
 .bss.htim3     0x0000000020000168       0x48 ./Core/Src/main.o
                0x0000000020000168                htim3
 .bss.htim4     0x00000000200001b0       0x48 ./Core/Src/main.o
                0x00000000200001b0                htim4
 .bss.htim5     0x00000000200001f8       0x48 ./Core/Src/main.o
                0x00000000200001f8                htim5
 .bss.htim6     0x0000000020000240       0x48 ./Core/Src/main.o
                0x0000000020000240                htim6
 .bss.htim8     0x0000000020000288       0x48 ./Core/Src/main.o
                0x0000000020000288                htim8
 .bss.htim12    0x00000000200002d0       0x48 ./Core/Src/main.o
                0x00000000200002d0                htim12
 .bss.htim14    0x0000000020000318       0x48 ./Core/Src/main.o
                0x0000000020000318                htim14
 .bss.huart2    0x0000000020000360       0x44 ./Core/Src/main.o
                0x0000000020000360                huart2
 .bss.hdma_usart2_rx
                0x00000000200003a4       0x60 ./Core/Src/main.o
                0x00000000200003a4                hdma_usart2_rx
 .bss.hdma_usart2_tx
                0x0000000020000404       0x60 ./Core/Src/main.o
                0x0000000020000404                hdma_usart2_tx
 .bss.curMotorNum
                0x0000000020000464        0x2 ./Core/Src/main.o
                0x0000000020000464                curMotorNum
 .bss.encoderRead_flag
                0x0000000020000466        0x2 ./Core/Src/main.o
                0x0000000020000466                encoderRead_flag
 .bss.motor     0x0000000020000468       0x20 ./Core/Src/main.o
                0x0000000020000468                motor
 .bss.PID_FLAG  0x0000000020000488        0x2 ./Core/Src/main.o
                0x0000000020000488                PID_FLAG
 *fill*         0x000000002000048a        0x2 
 .bss.FSRValue  0x000000002000048c        0xc ./Core/Src/main.o
                0x000000002000048c                FSRValue
 .bss.Error_last.2
                0x0000000020000498        0x2 ./Core/Src/main.o
 .bss.Error_prev.1
                0x000000002000049a        0x2 ./Core/Src/main.o
 .bss.i.0       0x000000002000049c        0x1 ./Core/Src/main.o
 *fill*         0x000000002000049d        0x3 
 .bss.__sbrk_heap_end
                0x00000000200004a0        0x4 ./Core/Src/sysmem.o
 .bss.uwTick    0x00000000200004a4        0x4 ./Drivers/STM32F4xx_HAL_Driver/Src/stm32f4xx_hal.o
                0x00000000200004a4                uwTick
 .bss.__sf      0x00000000200004a8      0x138 C:/ST/STM32CubeIDE_1.13.1/STM32CubeIDE/plugins/com.st.stm32cube.ide.mcu.externaltools.gnu-tools-for-stm32.11.3.rel1.win32_1.1.0.202305231506/tools/bin/../lib/gcc/arm-none-eabi/11.3.1/../../../../arm-none-eabi/lib/thumb/v7e-m+fp/hard\libc_nano.a(libc_a-findfp.o)
                0x00000000200004a8                __sf
 .bss.errno     0x00000000200005e0        0x4 C:/ST/STM32CubeIDE_1.13.1/STM32CubeIDE/plugins/com.st.stm32cube.ide.mcu.externaltools.gnu-tools-for-stm32.11.3.rel1.win32_1.1.0.202305231506/tools/bin/../lib/gcc/arm-none-eabi/11.3.1/../../../../arm-none-eabi/lib/thumb/v7e-m+fp/hard\libc_nano.a(libc_a-reent.o)
                0x00000000200005e0                errno
 .bss.__lock___malloc_recursive_mutex
                0x00000000200005e4        0x1 C:/ST/STM32CubeIDE_1.13.1/STM32CubeIDE/plugins/com.st.stm32cube.ide.mcu.externaltools.gnu-tools-for-stm32.11.3.rel1.win32_1.1.0.202305231506/tools/bin/../lib/gcc/arm-none-eabi/11.3.1/../../../../arm-none-eabi/lib/thumb/v7e-m+fp/hard\libc_nano.a(libc_a-lock.o)
                0x00000000200005e4                __lock___malloc_recursive_mutex
 *fill*         0x00000000200005e5        0x3 
 .bss.__malloc_free_list
                0x00000000200005e8        0x4 C:/ST/STM32CubeIDE_1.13.1/STM32CubeIDE/plugins/com.st.stm32cube.ide.mcu.externaltools.gnu-tools-for-stm32.11.3.rel1.win32_1.1.0.202305231506/tools/bin/../lib/gcc/arm-none-eabi/11.3.1/../../../../arm-none-eabi/lib/thumb/v7e-m+fp/hard\libc_nano.a(libc_a-mallocr.o)
                0x00000000200005e8                __malloc_free_list
 .bss.__malloc_sbrk_start
                0x00000000200005ec        0x4 C:/ST/STM32CubeIDE_1.13.1/STM32CubeIDE/plugins/com.st.stm32cube.ide.mcu.externaltools.gnu-tools-for-stm32.11.3.rel1.win32_1.1.0.202305231506/tools/bin/../lib/gcc/arm-none-eabi/11.3.1/../../../../arm-none-eabi/lib/thumb/v7e-m+fp/hard\libc_nano.a(libc_a-mallocr.o)
                0x00000000200005ec                __malloc_sbrk_start
 *(COMMON)
                0x00000000200005f0                . = ALIGN (0x4)
                0x00000000200005f0                _ebss = .
                0x00000000200005f0                __bss_end__ = _ebss

._user_heap_stack
                0x00000000200005f0      0x600 load address 0x00000000080077f8
                0x00000000200005f0                . = ALIGN (0x8)
                [!provide]                        PROVIDE (end = .)
                0x00000000200005f0                PROVIDE (_end = .)
                0x00000000200007f0                . = (. + _Min_Heap_Size)
 *fill*         0x00000000200005f0      0x200 
                0x0000000020000bf0                . = (. + _Min_Stack_Size)
 *fill*         0x00000000200007f0      0x400 
                0x0000000020000bf0                . = ALIGN (0x8)

/DISCARD/
 libc.a(*)
 libm.a(*)
 libgcc.a(*)

.ARM.attributes
                0x0000000000000000       0x30
 *(.ARM.attributes)
 .ARM.attributes
                0x0000000000000000       0x1e C:/ST/STM32CubeIDE_1.13.1/STM32CubeIDE/plugins/com.st.stm32cube.ide.mcu.externaltools.gnu-tools-for-stm32.11.3.rel1.win32_1.1.0.202305231506/tools/bin/../lib/gcc/arm-none-eabi/11.3.1/thumb/v7e-m+fp/hard/crti.o
 .ARM.attributes
                0x000000000000001e       0x34 C:/ST/STM32CubeIDE_1.13.1/STM32CubeIDE/plugins/com.st.stm32cube.ide.mcu.externaltools.gnu-tools-for-stm32.11.3.rel1.win32_1.1.0.202305231506/tools/bin/../lib/gcc/arm-none-eabi/11.3.1/thumb/v7e-m+fp/hard/crtbegin.o
 .ARM.attributes
                0x0000000000000052       0x34 ./Core/Src/main.o
 .ARM.attributes
                0x0000000000000086       0x34 ./Core/Src/stm32f4xx_hal_msp.o
 .ARM.attributes
                0x00000000000000ba       0x34 ./Core/Src/stm32f4xx_it.o
 .ARM.attributes
                0x00000000000000ee       0x34 ./Core/Src/sysmem.o
 .ARM.attributes
                0x0000000000000122       0x34 ./Core/Src/system_stm32f4xx.o
 .ARM.attributes
                0x0000000000000156       0x21 ./Core/Startup/startup_stm32f446retx.o
 .ARM.attributes
                0x0000000000000177       0x34 ./Drivers/STM32F4xx_HAL_Driver/Src/stm32f4xx_hal.o
 .ARM.attributes
                0x00000000000001ab       0x34 ./Drivers/STM32F4xx_HAL_Driver/Src/stm32f4xx_hal_adc.o
 .ARM.attributes
                0x00000000000001df       0x34 ./Drivers/STM32F4xx_HAL_Driver/Src/stm32f4xx_hal_cortex.o
 .ARM.attributes
                0x0000000000000213       0x34 ./Drivers/STM32F4xx_HAL_Driver/Src/stm32f4xx_hal_dac.o
 .ARM.attributes
                0x0000000000000247       0x34 ./Drivers/STM32F4xx_HAL_Driver/Src/stm32f4xx_hal_dac_ex.o
 .ARM.attributes
                0x000000000000027b       0x34 ./Drivers/STM32F4xx_HAL_Driver/Src/stm32f4xx_hal_dma.o
 .ARM.attributes
                0x00000000000002af       0x34 ./Drivers/STM32F4xx_HAL_Driver/Src/stm32f4xx_hal_gpio.o
 .ARM.attributes
                0x00000000000002e3       0x34 ./Drivers/STM32F4xx_HAL_Driver/Src/stm32f4xx_hal_rcc.o
 .ARM.attributes
                0x0000000000000317       0x34 ./Drivers/STM32F4xx_HAL_Driver/Src/stm32f4xx_hal_rcc_ex.o
 .ARM.attributes
                0x000000000000034b       0x34 ./Drivers/STM32F4xx_HAL_Driver/Src/stm32f4xx_hal_tim.o
 .ARM.attributes
                0x000000000000037f       0x34 ./Drivers/STM32F4xx_HAL_Driver/Src/stm32f4xx_hal_tim_ex.o
 .ARM.attributes
                0x00000000000003b3       0x34 ./Drivers/STM32F4xx_HAL_Driver/Src/stm32f4xx_hal_uart.o
 .ARM.attributes
                0x00000000000003e7       0x34 C:/ST/STM32CubeIDE_1.13.1/STM32CubeIDE/plugins/com.st.stm32cube.ide.mcu.externaltools.gnu-tools-for-stm32.11.3.rel1.win32_1.1.0.202305231506/tools/bin/../lib/gcc/arm-none-eabi/11.3.1/../../../../arm-none-eabi/lib/thumb/v7e-m+fp/hard\libc_nano.a(libc_a-findfp.o)
 .ARM.attributes
                0x000000000000041b       0x34 C:/ST/STM32CubeIDE_1.13.1/STM32CubeIDE/plugins/com.st.stm32cube.ide.mcu.externaltools.gnu-tools-for-stm32.11.3.rel1.win32_1.1.0.202305231506/tools/bin/../lib/gcc/arm-none-eabi/11.3.1/../../../../arm-none-eabi/lib/thumb/v7e-m+fp/hard\libc_nano.a(libc_a-sprintf.o)
 .ARM.attributes
                0x000000000000044f       0x34 C:/ST/STM32CubeIDE_1.13.1/STM32CubeIDE/plugins/com.st.stm32cube.ide.mcu.externaltools.gnu-tools-for-stm32.11.3.rel1.win32_1.1.0.202305231506/tools/bin/../lib/gcc/arm-none-eabi/11.3.1/../../../../arm-none-eabi/lib/thumb/v7e-m+fp/hard\libc_nano.a(libc_a-memset.o)
 .ARM.attributes
                0x0000000000000483       0x34 C:/ST/STM32CubeIDE_1.13.1/STM32CubeIDE/plugins/com.st.stm32cube.ide.mcu.externaltools.gnu-tools-for-stm32.11.3.rel1.win32_1.1.0.202305231506/tools/bin/../lib/gcc/arm-none-eabi/11.3.1/../../../../arm-none-eabi/lib/thumb/v7e-m+fp/hard\libc_nano.a(libc_a-reent.o)
 .ARM.attributes
                0x00000000000004b7       0x34 C:/ST/STM32CubeIDE_1.13.1/STM32CubeIDE/plugins/com.st.stm32cube.ide.mcu.externaltools.gnu-tools-for-stm32.11.3.rel1.win32_1.1.0.202305231506/tools/bin/../lib/gcc/arm-none-eabi/11.3.1/../../../../arm-none-eabi/lib/thumb/v7e-m+fp/hard\libc_nano.a(libc_a-impure.o)
 .ARM.attributes
                0x00000000000004eb       0x34 C:/ST/STM32CubeIDE_1.13.1/STM32CubeIDE/plugins/com.st.stm32cube.ide.mcu.externaltools.gnu-tools-for-stm32.11.3.rel1.win32_1.1.0.202305231506/tools/bin/../lib/gcc/arm-none-eabi/11.3.1/../../../../arm-none-eabi/lib/thumb/v7e-m+fp/hard\libc_nano.a(libc_a-errno.o)
 .ARM.attributes
                0x000000000000051f       0x34 C:/ST/STM32CubeIDE_1.13.1/STM32CubeIDE/plugins/com.st.stm32cube.ide.mcu.externaltools.gnu-tools-for-stm32.11.3.rel1.win32_1.1.0.202305231506/tools/bin/../lib/gcc/arm-none-eabi/11.3.1/../../../../arm-none-eabi/lib/thumb/v7e-m+fp/hard\libc_nano.a(libc_a-init.o)
 .ARM.attributes
                0x0000000000000553       0x34 C:/ST/STM32CubeIDE_1.13.1/STM32CubeIDE/plugins/com.st.stm32cube.ide.mcu.externaltools.gnu-tools-for-stm32.11.3.rel1.win32_1.1.0.202305231506/tools/bin/../lib/gcc/arm-none-eabi/11.3.1/../../../../arm-none-eabi/lib/thumb/v7e-m+fp/hard\libc_nano.a(libc_a-lock.o)
 .ARM.attributes
                0x0000000000000587       0x34 C:/ST/STM32CubeIDE_1.13.1/STM32CubeIDE/plugins/com.st.stm32cube.ide.mcu.externaltools.gnu-tools-for-stm32.11.3.rel1.win32_1.1.0.202305231506/tools/bin/../lib/gcc/arm-none-eabi/11.3.1/../../../../arm-none-eabi/lib/thumb/v7e-m+fp/hard\libc_nano.a(libc_a-freer.o)
 .ARM.attributes
                0x00000000000005bb       0x34 C:/ST/STM32CubeIDE_1.13.1/STM32CubeIDE/plugins/com.st.stm32cube.ide.mcu.externaltools.gnu-tools-for-stm32.11.3.rel1.win32_1.1.0.202305231506/tools/bin/../lib/gcc/arm-none-eabi/11.3.1/../../../../arm-none-eabi/lib/thumb/v7e-m+fp/hard\libc_nano.a(libc_a-mallocr.o)
 .ARM.attributes
                0x00000000000005ef       0x34 C:/ST/STM32CubeIDE_1.13.1/STM32CubeIDE/plugins/com.st.stm32cube.ide.mcu.externaltools.gnu-tools-for-stm32.11.3.rel1.win32_1.1.0.202305231506/tools/bin/../lib/gcc/arm-none-eabi/11.3.1/../../../../arm-none-eabi/lib/thumb/v7e-m+fp/hard\libc_nano.a(libc_a-mlock.o)
 .ARM.attributes
                0x0000000000000623       0x34 C:/ST/STM32CubeIDE_1.13.1/STM32CubeIDE/plugins/com.st.stm32cube.ide.mcu.externaltools.gnu-tools-for-stm32.11.3.rel1.win32_1.1.0.202305231506/tools/bin/../lib/gcc/arm-none-eabi/11.3.1/../../../../arm-none-eabi/lib/thumb/v7e-m+fp/hard\libc_nano.a(libc_a-nano-svfprintf.o)
 .ARM.attributes
                0x0000000000000657       0x34 C:/ST/STM32CubeIDE_1.13.1/STM32CubeIDE/plugins/com.st.stm32cube.ide.mcu.externaltools.gnu-tools-for-stm32.11.3.rel1.win32_1.1.0.202305231506/tools/bin/../lib/gcc/arm-none-eabi/11.3.1/../../../../arm-none-eabi/lib/thumb/v7e-m+fp/hard\libc_nano.a(libc_a-nano-vfprintf_i.o)
 .ARM.attributes
                0x000000000000068b       0x34 C:/ST/STM32CubeIDE_1.13.1/STM32CubeIDE/plugins/com.st.stm32cube.ide.mcu.externaltools.gnu-tools-for-stm32.11.3.rel1.win32_1.1.0.202305231506/tools/bin/../lib/gcc/arm-none-eabi/11.3.1/../../../../arm-none-eabi/lib/thumb/v7e-m+fp/hard\libc_nano.a(libc_a-memmove.o)
 .ARM.attributes
                0x00000000000006bf       0x34 C:/ST/STM32CubeIDE_1.13.1/STM32CubeIDE/plugins/com.st.stm32cube.ide.mcu.externaltools.gnu-tools-for-stm32.11.3.rel1.win32_1.1.0.202305231506/tools/bin/../lib/gcc/arm-none-eabi/11.3.1/../../../../arm-none-eabi/lib/thumb/v7e-m+fp/hard\libc_nano.a(libc_a-sbrkr.o)
 .ARM.attributes
                0x00000000000006f3       0x1c C:/ST/STM32CubeIDE_1.13.1/STM32CubeIDE/plugins/com.st.stm32cube.ide.mcu.externaltools.gnu-tools-for-stm32.11.3.rel1.win32_1.1.0.202305231506/tools/bin/../lib/gcc/arm-none-eabi/11.3.1/../../../../arm-none-eabi/lib/thumb/v7e-m+fp/hard\libc_nano.a(libc_a-memchr.o)
 .ARM.attributes
                0x000000000000070f       0x34 C:/ST/STM32CubeIDE_1.13.1/STM32CubeIDE/plugins/com.st.stm32cube.ide.mcu.externaltools.gnu-tools-for-stm32.11.3.rel1.win32_1.1.0.202305231506/tools/bin/../lib/gcc/arm-none-eabi/11.3.1/../../../../arm-none-eabi/lib/thumb/v7e-m+fp/hard\libc_nano.a(libc_a-memcpy-stub.o)
 .ARM.attributes
                0x0000000000000743       0x34 C:/ST/STM32CubeIDE_1.13.1/STM32CubeIDE/plugins/com.st.stm32cube.ide.mcu.externaltools.gnu-tools-for-stm32.11.3.rel1.win32_1.1.0.202305231506/tools/bin/../lib/gcc/arm-none-eabi/11.3.1/../../../../arm-none-eabi/lib/thumb/v7e-m+fp/hard\libc_nano.a(libc_a-reallocr.o)
 .ARM.attributes
                0x0000000000000777       0x34 C:/ST/STM32CubeIDE_1.13.1/STM32CubeIDE/plugins/com.st.stm32cube.ide.mcu.externaltools.gnu-tools-for-stm32.11.3.rel1.win32_1.1.0.202305231506/tools/bin/../lib/gcc/arm-none-eabi/11.3.1/../../../../arm-none-eabi/lib/thumb/v7e-m+fp/hard\libc_nano.a(libc_a-msizer.o)
 .ARM.attributes
                0x00000000000007ab       0x1e C:/ST/STM32CubeIDE_1.13.1/STM32CubeIDE/plugins/com.st.stm32cube.ide.mcu.externaltools.gnu-tools-for-stm32.11.3.rel1.win32_1.1.0.202305231506/tools/bin/../lib/gcc/arm-none-eabi/11.3.1/thumb/v7e-m+fp/hard\libgcc.a(_arm_muldf3.o)
 .ARM.attributes
                0x00000000000007c9       0x1e C:/ST/STM32CubeIDE_1.13.1/STM32CubeIDE/plugins/com.st.stm32cube.ide.mcu.externaltools.gnu-tools-for-stm32.11.3.rel1.win32_1.1.0.202305231506/tools/bin/../lib/gcc/arm-none-eabi/11.3.1/thumb/v7e-m+fp/hard\libgcc.a(_arm_addsubdf3.o)
 .ARM.attributes
                0x00000000000007e7       0x1e C:/ST/STM32CubeIDE_1.13.1/STM32CubeIDE/plugins/com.st.stm32cube.ide.mcu.externaltools.gnu-tools-for-stm32.11.3.rel1.win32_1.1.0.202305231506/tools/bin/../lib/gcc/arm-none-eabi/11.3.1/thumb/v7e-m+fp/hard\libgcc.a(_arm_fixdfsi.o)
 .ARM.attributes
                0x0000000000000805       0x1e C:/ST/STM32CubeIDE_1.13.1/STM32CubeIDE/plugins/com.st.stm32cube.ide.mcu.externaltools.gnu-tools-for-stm32.11.3.rel1.win32_1.1.0.202305231506/tools/bin/../lib/gcc/arm-none-eabi/11.3.1/thumb/v7e-m+fp/hard\libgcc.a(_aeabi_uldivmod.o)
 .ARM.attributes
                0x0000000000000823       0x34 C:/ST/STM32CubeIDE_1.13.1/STM32CubeIDE/plugins/com.st.stm32cube.ide.mcu.externaltools.gnu-tools-for-stm32.11.3.rel1.win32_1.1.0.202305231506/tools/bin/../lib/gcc/arm-none-eabi/11.3.1/thumb/v7e-m+fp/hard\libgcc.a(_udivmoddi4.o)
 .ARM.attributes
                0x0000000000000857       0x1e C:/ST/STM32CubeIDE_1.13.1/STM32CubeIDE/plugins/com.st.stm32cube.ide.mcu.externaltools.gnu-tools-for-stm32.11.3.rel1.win32_1.1.0.202305231506/tools/bin/../lib/gcc/arm-none-eabi/11.3.1/thumb/v7e-m+fp/hard\libgcc.a(_dvmd_tls.o)
 .ARM.attributes
                0x0000000000000875       0x1e C:/ST/STM32CubeIDE_1.13.1/STM32CubeIDE/plugins/com.st.stm32cube.ide.mcu.externaltools.gnu-tools-for-stm32.11.3.rel1.win32_1.1.0.202305231506/tools/bin/../lib/gcc/arm-none-eabi/11.3.1/thumb/v7e-m+fp/hard/crtn.o
OUTPUT(PID_F446RE.elf elf32-littlearm)
LOAD linker stubs
LOAD C:/ST/STM32CubeIDE_1.13.1/STM32CubeIDE/plugins/com.st.stm32cube.ide.mcu.externaltools.gnu-tools-for-stm32.11.3.rel1.win32_1.1.0.202305231506/tools/bin/../lib/gcc/arm-none-eabi/11.3.1/../../../../arm-none-eabi/lib/thumb/v7e-m+fp/hard\libc.a
LOAD C:/ST/STM32CubeIDE_1.13.1/STM32CubeIDE/plugins/com.st.stm32cube.ide.mcu.externaltools.gnu-tools-for-stm32.11.3.rel1.win32_1.1.0.202305231506/tools/bin/../lib/gcc/arm-none-eabi/11.3.1/../../../../arm-none-eabi/lib/thumb/v7e-m+fp/hard\libm.a
LOAD C:/ST/STM32CubeIDE_1.13.1/STM32CubeIDE/plugins/com.st.stm32cube.ide.mcu.externaltools.gnu-tools-for-stm32.11.3.rel1.win32_1.1.0.202305231506/tools/bin/../lib/gcc/arm-none-eabi/11.3.1/thumb/v7e-m+fp/hard\libgcc.a

.comment        0x0000000000000000       0x43
 .comment       0x0000000000000000       0x43 C:/ST/STM32CubeIDE_1.13.1/STM32CubeIDE/plugins/com.st.stm32cube.ide.mcu.externaltools.gnu-tools-for-stm32.11.3.rel1.win32_1.1.0.202305231506/tools/bin/../lib/gcc/arm-none-eabi/11.3.1/thumb/v7e-m+fp/hard/crtbegin.o
                                         0x44 (size before relaxing)
 .comment       0x0000000000000043       0x44 ./Core/Src/main.o
 .comment       0x0000000000000043       0x44 ./Core/Src/stm32f4xx_hal_msp.o
 .comment       0x0000000000000043       0x44 ./Core/Src/stm32f4xx_it.o
 .comment       0x0000000000000043       0x44 ./Core/Src/sysmem.o
 .comment       0x0000000000000043       0x44 ./Core/Src/system_stm32f4xx.o
 .comment       0x0000000000000043       0x44 ./Drivers/STM32F4xx_HAL_Driver/Src/stm32f4xx_hal.o
 .comment       0x0000000000000043       0x44 ./Drivers/STM32F4xx_HAL_Driver/Src/stm32f4xx_hal_adc.o
 .comment       0x0000000000000043       0x44 ./Drivers/STM32F4xx_HAL_Driver/Src/stm32f4xx_hal_cortex.o
 .comment       0x0000000000000043       0x44 ./Drivers/STM32F4xx_HAL_Driver/Src/stm32f4xx_hal_dac.o
 .comment       0x0000000000000043       0x44 ./Drivers/STM32F4xx_HAL_Driver/Src/stm32f4xx_hal_dac_ex.o
 .comment       0x0000000000000043       0x44 ./Drivers/STM32F4xx_HAL_Driver/Src/stm32f4xx_hal_dma.o
 .comment       0x0000000000000043       0x44 ./Drivers/STM32F4xx_HAL_Driver/Src/stm32f4xx_hal_gpio.o
 .comment       0x0000000000000043       0x44 ./Drivers/STM32F4xx_HAL_Driver/Src/stm32f4xx_hal_rcc.o
 .comment       0x0000000000000043       0x44 ./Drivers/STM32F4xx_HAL_Driver/Src/stm32f4xx_hal_rcc_ex.o
 .comment       0x0000000000000043       0x44 ./Drivers/STM32F4xx_HAL_Driver/Src/stm32f4xx_hal_tim.o
 .comment       0x0000000000000043       0x44 ./Drivers/STM32F4xx_HAL_Driver/Src/stm32f4xx_hal_tim_ex.o
 .comment       0x0000000000000043       0x44 ./Drivers/STM32F4xx_HAL_Driver/Src/stm32f4xx_hal_uart.o

.debug_info     0x0000000000000000    0x110a7
 .debug_info    0x0000000000000000     0x2186 ./Core/Src/main.o
 .debug_info    0x0000000000002186     0x17c4 ./Core/Src/stm32f4xx_hal_msp.o
 .debug_info    0x000000000000394a      0xbc9 ./Core/Src/stm32f4xx_it.o
 .debug_info    0x0000000000004513      0x168 ./Core/Src/sysmem.o
 .debug_info    0x000000000000467b      0x54a ./Core/Src/system_stm32f4xx.o
 .debug_info    0x0000000000004bc5       0x23 ./Core/Startup/startup_stm32f446retx.o
 .debug_info    0x0000000000004be8      0x99e ./Drivers/STM32F4xx_HAL_Driver/Src/stm32f4xx_hal.o
 .debug_info    0x0000000000005586      0xcd4 ./Drivers/STM32F4xx_HAL_Driver/Src/stm32f4xx_hal_adc.o
 .debug_info    0x000000000000625a      0xd64 ./Drivers/STM32F4xx_HAL_Driver/Src/stm32f4xx_hal_cortex.o
 .debug_info    0x0000000000006fbe      0x9c0 ./Drivers/STM32F4xx_HAL_Driver/Src/stm32f4xx_hal_dac.o
 .debug_info    0x000000000000797e      0x746 ./Drivers/STM32F4xx_HAL_Driver/Src/stm32f4xx_hal_dac_ex.o
 .debug_info    0x00000000000080c4      0x8e7 ./Drivers/STM32F4xx_HAL_Driver/Src/stm32f4xx_hal_dma.o
 .debug_info    0x00000000000089ab      0x70b ./Drivers/STM32F4xx_HAL_Driver/Src/stm32f4xx_hal_gpio.o
 .debug_info    0x00000000000090b6      0x8ed ./Drivers/STM32F4xx_HAL_Driver/Src/stm32f4xx_hal_rcc.o
 .debug_info    0x00000000000099a3      0x956 ./Drivers/STM32F4xx_HAL_Driver/Src/stm32f4xx_hal_rcc_ex.o
 .debug_info    0x000000000000a2f9     0x2948 ./Drivers/STM32F4xx_HAL_Driver/Src/stm32f4xx_hal_tim.o
 .debug_info    0x000000000000cc41     0x14ae ./Drivers/STM32F4xx_HAL_Driver/Src/stm32f4xx_hal_tim_ex.o
 .debug_info    0x000000000000e0ef     0x2fb8 ./Drivers/STM32F4xx_HAL_Driver/Src/stm32f4xx_hal_uart.o

.debug_abbrev   0x0000000000000000     0x2603
 .debug_abbrev  0x0000000000000000      0x35e ./Core/Src/main.o
 .debug_abbrev  0x000000000000035e      0x298 ./Core/Src/stm32f4xx_hal_msp.o
 .debug_abbrev  0x00000000000005f6      0x1cb ./Core/Src/stm32f4xx_it.o
 .debug_abbrev  0x00000000000007c1       0xbc ./Core/Src/sysmem.o
 .debug_abbrev  0x000000000000087d      0x11a ./Core/Src/system_stm32f4xx.o
 .debug_abbrev  0x0000000000000997       0x12 ./Core/Startup/startup_stm32f446retx.o
 .debug_abbrev  0x00000000000009a9      0x213 ./Drivers/STM32F4xx_HAL_Driver/Src/stm32f4xx_hal.o
 .debug_abbrev  0x0000000000000bbc      0x252 ./Drivers/STM32F4xx_HAL_Driver/Src/stm32f4xx_hal_adc.o
 .debug_abbrev  0x0000000000000e0e      0x327 ./Drivers/STM32F4xx_HAL_Driver/Src/stm32f4xx_hal_cortex.o
 .debug_abbrev  0x0000000000001135      0x1f3 ./Drivers/STM32F4xx_HAL_Driver/Src/stm32f4xx_hal_dac.o
 .debug_abbrev  0x0000000000001328      0x1e8 ./Drivers/STM32F4xx_HAL_Driver/Src/stm32f4xx_hal_dac_ex.o
 .debug_abbrev  0x0000000000001510      0x264 ./Drivers/STM32F4xx_HAL_Driver/Src/stm32f4xx_hal_dma.o
 .debug_abbrev  0x0000000000001774      0x1d4 ./Drivers/STM32F4xx_HAL_Driver/Src/stm32f4xx_hal_gpio.o
 .debug_abbrev  0x0000000000001948      0x2b6 ./Drivers/STM32F4xx_HAL_Driver/Src/stm32f4xx_hal_rcc.o
 .debug_abbrev  0x0000000000001bfe      0x20a ./Drivers/STM32F4xx_HAL_Driver/Src/stm32f4xx_hal_rcc_ex.o
 .debug_abbrev  0x0000000000001e08      0x271 ./Drivers/STM32F4xx_HAL_Driver/Src/stm32f4xx_hal_tim.o
 .debug_abbrev  0x0000000000002079      0x27c ./Drivers/STM32F4xx_HAL_Driver/Src/stm32f4xx_hal_tim_ex.o
 .debug_abbrev  0x00000000000022f5      0x30e ./Drivers/STM32F4xx_HAL_Driver/Src/stm32f4xx_hal_uart.o

.debug_aranges  0x0000000000000000      0xff8
 .debug_aranges
                0x0000000000000000      0x110 ./Core/Src/main.o
 .debug_aranges
                0x0000000000000110       0x88 ./Core/Src/stm32f4xx_hal_msp.o
 .debug_aranges
                0x0000000000000198       0xa0 ./Core/Src/stm32f4xx_it.o
 .debug_aranges
                0x0000000000000238       0x20 ./Core/Src/sysmem.o
 .debug_aranges
                0x0000000000000258       0x28 ./Core/Src/system_stm32f4xx.o
 .debug_aranges
                0x0000000000000280       0x28 ./Core/Startup/startup_stm32f446retx.o
 .debug_aranges
                0x00000000000002a8       0xf0 ./Drivers/STM32F4xx_HAL_Driver/Src/stm32f4xx_hal.o
 .debug_aranges
                0x0000000000000398       0xe8 ./Drivers/STM32F4xx_HAL_Driver/Src/stm32f4xx_hal_adc.o
 .debug_aranges
                0x0000000000000480      0x118 ./Drivers/STM32F4xx_HAL_Driver/Src/stm32f4xx_hal_cortex.o
 .debug_aranges
                0x0000000000000598       0xc0 ./Drivers/STM32F4xx_HAL_Driver/Src/stm32f4xx_hal_dac.o
 .debug_aranges
                0x0000000000000658       0x80 ./Drivers/STM32F4xx_HAL_Driver/Src/stm32f4xx_hal_dac_ex.o
 .debug_aranges
                0x00000000000006d8       0x90 ./Drivers/STM32F4xx_HAL_Driver/Src/stm32f4xx_hal_dma.o
 .debug_aranges
                0x0000000000000768       0x58 ./Drivers/STM32F4xx_HAL_Driver/Src/stm32f4xx_hal_gpio.o
 .debug_aranges
                0x00000000000007c0       0x88 ./Drivers/STM32F4xx_HAL_Driver/Src/stm32f4xx_hal_rcc.o
 .debug_aranges
                0x0000000000000848       0x78 ./Drivers/STM32F4xx_HAL_Driver/Src/stm32f4xx_hal_rcc_ex.o
 .debug_aranges
                0x00000000000008c0      0x3d0 ./Drivers/STM32F4xx_HAL_Driver/Src/stm32f4xx_hal_tim.o
 .debug_aranges
                0x0000000000000c90      0x168 ./Drivers/STM32F4xx_HAL_Driver/Src/stm32f4xx_hal_tim_ex.o
 .debug_aranges
                0x0000000000000df8      0x200 ./Drivers/STM32F4xx_HAL_Driver/Src/stm32f4xx_hal_uart.o

.debug_rnglists
                0x0000000000000000      0xc80
 .debug_rnglists
                0x0000000000000000       0xd7 ./Core/Src/main.o
 .debug_rnglists
                0x00000000000000d7       0x69 ./Core/Src/stm32f4xx_hal_msp.o
 .debug_rnglists
                0x0000000000000140       0x73 ./Core/Src/stm32f4xx_it.o
 .debug_rnglists
                0x00000000000001b3       0x13 ./Core/Src/sysmem.o
 .debug_rnglists
                0x00000000000001c6       0x1a ./Core/Src/system_stm32f4xx.o
 .debug_rnglists
                0x00000000000001e0       0x19 ./Core/Startup/startup_stm32f446retx.o
 .debug_rnglists
                0x00000000000001f9       0xaf ./Drivers/STM32F4xx_HAL_Driver/Src/stm32f4xx_hal.o
 .debug_rnglists
                0x00000000000002a8       0xb5 ./Drivers/STM32F4xx_HAL_Driver/Src/stm32f4xx_hal_adc.o
 .debug_rnglists
                0x000000000000035d       0xce ./Drivers/STM32F4xx_HAL_Driver/Src/stm32f4xx_hal_cortex.o
 .debug_rnglists
                0x000000000000042b       0x90 ./Drivers/STM32F4xx_HAL_Driver/Src/stm32f4xx_hal_dac.o
 .debug_rnglists
                0x00000000000004bb       0x5c ./Drivers/STM32F4xx_HAL_Driver/Src/stm32f4xx_hal_dac_ex.o
 .debug_rnglists
                0x0000000000000517       0x70 ./Drivers/STM32F4xx_HAL_Driver/Src/stm32f4xx_hal_dma.o
 .debug_rnglists
                0x0000000000000587       0x3f ./Drivers/STM32F4xx_HAL_Driver/Src/stm32f4xx_hal_gpio.o
 .debug_rnglists
                0x00000000000005c6       0x66 ./Drivers/STM32F4xx_HAL_Driver/Src/stm32f4xx_hal_rcc.o
 .debug_rnglists
                0x000000000000062c       0x5e ./Drivers/STM32F4xx_HAL_Driver/Src/stm32f4xx_hal_rcc_ex.o
 .debug_rnglists
                0x000000000000068a      0x31a ./Drivers/STM32F4xx_HAL_Driver/Src/stm32f4xx_hal_tim.o
 .debug_rnglists
                0x00000000000009a4      0x125 ./Drivers/STM32F4xx_HAL_Driver/Src/stm32f4xx_hal_tim_ex.o
 .debug_rnglists
                0x0000000000000ac9      0x1b7 ./Drivers/STM32F4xx_HAL_Driver/Src/stm32f4xx_hal_uart.o

.debug_macro    0x0000000000000000    0x23c1f
 .debug_macro   0x0000000000000000      0x3a9 ./Core/Src/main.o
 .debug_macro   0x00000000000003a9      0xaa8 ./Core/Src/main.o
 .debug_macro   0x0000000000000e51      0x2a7 ./Core/Src/main.o
 .debug_macro   0x00000000000010f8       0x2e ./Core/Src/main.o
 .debug_macro   0x0000000000001126       0x28 ./Core/Src/main.o
 .debug_macro   0x000000000000114e       0x22 ./Core/Src/main.o
 .debug_macro   0x0000000000001170       0x8e ./Core/Src/main.o
 .debug_macro   0x00000000000011fe       0x51 ./Core/Src/main.o
 .debug_macro   0x000000000000124f      0x103 ./Core/Src/main.o
 .debug_macro   0x0000000000001352       0x6a ./Core/Src/main.o
 .debug_macro   0x00000000000013bc      0x1df ./Core/Src/main.o
 .debug_macro   0x000000000000159b       0x1c ./Core/Src/main.o
 .debug_macro   0x00000000000015b7       0x22 ./Core/Src/main.o
 .debug_macro   0x00000000000015d9       0xd9 ./Core/Src/main.o
 .debug_macro   0x00000000000016b2     0x102d ./Core/Src/main.o
 .debug_macro   0x00000000000026df      0x11f ./Core/Src/main.o
 .debug_macro   0x00000000000027fe    0x16749 ./Core/Src/main.o
 .debug_macro   0x0000000000018f47       0x6d ./Core/Src/main.o
 .debug_macro   0x0000000000018fb4     0x367e ./Core/Src/main.o
 .debug_macro   0x000000000001c632      0x174 ./Core/Src/main.o
 .debug_macro   0x000000000001c7a6       0x5c ./Core/Src/main.o
 .debug_macro   0x000000000001c802      0xc90 ./Core/Src/main.o
 .debug_macro   0x000000000001d492      0x9fe ./Core/Src/main.o
 .debug_macro   0x000000000001de90      0x115 ./Core/Src/main.o
 .debug_macro   0x000000000001dfa5      0x1a0 ./Core/Src/main.o
 .debug_macro   0x000000000001e145       0xa5 ./Core/Src/main.o
 .debug_macro   0x000000000001e1ea      0x16d ./Core/Src/main.o
 .debug_macro   0x000000000001e357      0x287 ./Core/Src/main.o
 .debug_macro   0x000000000001e5de       0x5f ./Core/Src/main.o
 .debug_macro   0x000000000001e63d      0x236 ./Core/Src/main.o
 .debug_macro   0x000000000001e873      0xb5b ./Core/Src/main.o
 .debug_macro   0x000000000001f3ce      0x38b ./Core/Src/main.o
 .debug_macro   0x000000000001f759      0x17d ./Core/Src/main.o
 .debug_macro   0x000000000001f8d6       0xf9 ./Core/Src/main.o
 .debug_macro   0x000000000001f9cf      0x122 ./Core/Src/main.o
 .debug_macro   0x000000000001faf1       0xa6 ./Core/Src/main.o
 .debug_macro   0x000000000001fb97      0x132 ./Core/Src/main.o
 .debug_macro   0x000000000001fcc9      0x29c ./Core/Src/main.o
 .debug_macro   0x000000000001ff65       0x2e ./Core/Src/main.o
 .debug_macro   0x000000000001ff93      0x11a ./Core/Src/main.o
 .debug_macro   0x00000000000200ad       0xe8 ./Core/Src/main.o
 .debug_macro   0x0000000000020195       0x89 ./Core/Src/main.o
 .debug_macro   0x000000000002021e      0x8e6 ./Core/Src/main.o
 .debug_macro   0x0000000000020b04       0x4d ./Core/Src/main.o
 .debug_macro   0x0000000000020b51      0x295 ./Core/Src/main.o
 .debug_macro   0x0000000000020de6      0x126 ./Core/Src/main.o
 .debug_macro   0x0000000000020f0c       0xa6 ./Core/Src/main.o
 .debug_macro   0x0000000000020fb2       0x61 ./Core/Src/main.o
 .debug_macro   0x0000000000021013       0x2a ./Core/Src/main.o
 .debug_macro   0x000000000002103d       0x43 ./Core/Src/main.o
 .debug_macro   0x0000000000021080       0x34 ./Core/Src/main.o
 .debug_macro   0x00000000000210b4       0x16 ./Core/Src/main.o
 .debug_macro   0x00000000000210ca       0x43 ./Core/Src/main.o
 .debug_macro   0x000000000002110d       0x34 ./Core/Src/main.o
 .debug_macro   0x0000000000021141       0x10 ./Core/Src/main.o
 .debug_macro   0x0000000000021151       0x58 ./Core/Src/main.o
 .debug_macro   0x00000000000211a9       0x8e ./Core/Src/main.o
 .debug_macro   0x0000000000021237       0x1c ./Core/Src/main.o
 .debug_macro   0x0000000000021253      0x177 ./Core/Src/main.o
 .debug_macro   0x00000000000213ca      0x369 ./Core/Src/main.o
 .debug_macro   0x0000000000021733       0x10 ./Core/Src/main.o
 .debug_macro   0x0000000000021743       0x35 ./Core/Src/main.o
 .debug_macro   0x0000000000021778       0x20 ./Core/Src/main.o
 .debug_macro   0x0000000000021798       0x1c ./Core/Src/main.o
 .debug_macro   0x00000000000217b4       0x10 ./Core/Src/main.o
 .debug_macro   0x00000000000217c4       0x1c ./Core/Src/main.o
 .debug_macro   0x00000000000217e0       0x16 ./Core/Src/main.o
 .debug_macro   0x00000000000217f6      0x147 ./Core/Src/main.o
 .debug_macro   0x000000000002193d       0x16 ./Core/Src/main.o
 .debug_macro   0x0000000000021953       0x16 ./Core/Src/main.o
 .debug_macro   0x0000000000021969       0x29 ./Core/Src/main.o
 .debug_macro   0x0000000000021992      0x219 ./Core/Src/stm32f4xx_hal_msp.o
 .debug_macro   0x0000000000021bab      0x223 ./Core/Src/stm32f4xx_it.o
 .debug_macro   0x0000000000021dce       0xff ./Core/Src/sysmem.o
 .debug_macro   0x0000000000021ecd      0x23c ./Core/Src/sysmem.o
 .debug_macro   0x0000000000022109      0x20a ./Core/Src/system_stm32f4xx.o
 .debug_macro   0x0000000000022313      0x26a ./Drivers/STM32F4xx_HAL_Driver/Src/stm32f4xx_hal.o
 .debug_macro   0x000000000002257d      0x20b ./Drivers/STM32F4xx_HAL_Driver/Src/stm32f4xx_hal_adc.o
 .debug_macro   0x0000000000022788      0x20a ./Drivers/STM32F4xx_HAL_Driver/Src/stm32f4xx_hal_cortex.o
 .debug_macro   0x0000000000022992      0x20b ./Drivers/STM32F4xx_HAL_Driver/Src/stm32f4xx_hal_dac.o
 .debug_macro   0x0000000000022b9d      0x20a ./Drivers/STM32F4xx_HAL_Driver/Src/stm32f4xx_hal_dac_ex.o
 .debug_macro   0x0000000000022da7      0x210 ./Drivers/STM32F4xx_HAL_Driver/Src/stm32f4xx_hal_dma.o
 .debug_macro   0x0000000000022fb7      0x210 ./Drivers/STM32F4xx_HAL_Driver/Src/stm32f4xx_hal_gpio.o
 .debug_macro   0x00000000000231c7      0x22e ./Drivers/STM32F4xx_HAL_Driver/Src/stm32f4xx_hal_rcc.o
 .debug_macro   0x00000000000233f5      0x20a ./Drivers/STM32F4xx_HAL_Driver/Src/stm32f4xx_hal_rcc_ex.o
 .debug_macro   0x00000000000235ff      0x20b ./Drivers/STM32F4xx_HAL_Driver/Src/stm32f4xx_hal_tim.o
 .debug_macro   0x000000000002380a      0x20a ./Drivers/STM32F4xx_HAL_Driver/Src/stm32f4xx_hal_tim_ex.o
 .debug_macro   0x0000000000023a14      0x20b ./Drivers/STM32F4xx_HAL_Driver/Src/stm32f4xx_hal_uart.o

.debug_line     0x0000000000000000    0x13366
 .debug_line    0x0000000000000000     0x1313 ./Core/Src/main.o
 .debug_line    0x0000000000001313      0xb79 ./Core/Src/stm32f4xx_hal_msp.o
 .debug_line    0x0000000000001e8c      0x942 ./Core/Src/stm32f4xx_it.o
 .debug_line    0x00000000000027ce      0x579 ./Core/Src/sysmem.o
 .debug_line    0x0000000000002d47      0x840 ./Core/Src/system_stm32f4xx.o
 .debug_line    0x0000000000003587       0x7a ./Core/Startup/startup_stm32f446retx.o
 .debug_line    0x0000000000003601      0xaa6 ./Drivers/STM32F4xx_HAL_Driver/Src/stm32f4xx_hal.o
 .debug_line    0x00000000000040a7     0x1316 ./Drivers/STM32F4xx_HAL_Driver/Src/stm32f4xx_hal_adc.o
 .debug_line    0x00000000000053bd      0xd55 ./Drivers/STM32F4xx_HAL_Driver/Src/stm32f4xx_hal_cortex.o
 .debug_line    0x0000000000006112      0xbf7 ./Drivers/STM32F4xx_HAL_Driver/Src/stm32f4xx_hal_dac.o
 .debug_line    0x0000000000006d09      0x9e6 ./Drivers/STM32F4xx_HAL_Driver/Src/stm32f4xx_hal_dac_ex.o
 .debug_line    0x00000000000076ef     0x100a ./Drivers/STM32F4xx_HAL_Driver/Src/stm32f4xx_hal_dma.o
 .debug_line    0x00000000000086f9      0xc06 ./Drivers/STM32F4xx_HAL_Driver/Src/stm32f4xx_hal_gpio.o
 .debug_line    0x00000000000092ff      0xe29 ./Drivers/STM32F4xx_HAL_Driver/Src/stm32f4xx_hal_rcc.o
 .debug_line    0x000000000000a128     0x14c1 ./Drivers/STM32F4xx_HAL_Driver/Src/stm32f4xx_hal_rcc_ex.o
 .debug_line    0x000000000000b5e9     0x3792 ./Drivers/STM32F4xx_HAL_Driver/Src/stm32f4xx_hal_tim.o
 .debug_line    0x000000000000ed7b     0x1aa3 ./Drivers/STM32F4xx_HAL_Driver/Src/stm32f4xx_hal_tim_ex.o
 .debug_line    0x000000000001081e     0x2b48 ./Drivers/STM32F4xx_HAL_Driver/Src/stm32f4xx_hal_uart.o

.debug_str      0x0000000000000000    0xdf1f8
 .debug_str     0x0000000000000000    0xdbaba ./Core/Src/main.o
                                      0xdbec4 (size before relaxing)
 .debug_str     0x00000000000dbaba      0x187 ./Core/Src/stm32f4xx_hal_msp.o
                                      0xd7e78 (size before relaxing)
 .debug_str     0x00000000000dbc41      0x1ca ./Core/Src/stm32f4xx_it.o
                                      0xd75f6 (size before relaxing)
 .debug_str     0x00000000000dbe0b      0x4dc ./Core/Src/sysmem.o
                                       0x6050 (size before relaxing)
 .debug_str     0x00000000000dc2e7       0xdb ./Core/Src/system_stm32f4xx.o
                                      0xd6b3b (size before relaxing)
 .debug_str     0x00000000000dc3c2       0x34 ./Core/Startup/startup_stm32f446retx.o
                                         0x62 (size before relaxing)
 .debug_str     0x00000000000dc3f6      0x60d ./Drivers/STM32F4xx_HAL_Driver/Src/stm32f4xx_hal.o
                                      0xd7700 (size before relaxing)
 .debug_str     0x00000000000dca03      0x281 ./Drivers/STM32F4xx_HAL_Driver/Src/stm32f4xx_hal_adc.o
                                      0xd7103 (size before relaxing)
 .debug_str     0x00000000000dcc84      0x326 ./Drivers/STM32F4xx_HAL_Driver/Src/stm32f4xx_hal_cortex.o
                                      0xd740e (size before relaxing)
 .debug_str     0x00000000000dcfaa      0x1ca ./Drivers/STM32F4xx_HAL_Driver/Src/stm32f4xx_hal_dac.o
                                      0xd6f88 (size before relaxing)
 .debug_str     0x00000000000dd174      0x13b ./Drivers/STM32F4xx_HAL_Driver/Src/stm32f4xx_hal_dac_ex.o
                                      0xd6e73 (size before relaxing)
 .debug_str     0x00000000000dd2af      0x2d5 ./Drivers/STM32F4xx_HAL_Driver/Src/stm32f4xx_hal_dma.o
                                      0xd6f30 (size before relaxing)
 .debug_str     0x00000000000dd584      0x124 ./Drivers/STM32F4xx_HAL_Driver/Src/stm32f4xx_hal_gpio.o
                                      0xd6cb6 (size before relaxing)
 .debug_str     0x00000000000dd6a8      0x233 ./Drivers/STM32F4xx_HAL_Driver/Src/stm32f4xx_hal_rcc.o
                                      0xd6f74 (size before relaxing)
 .debug_str     0x00000000000dd8db      0x31c ./Drivers/STM32F4xx_HAL_Driver/Src/stm32f4xx_hal_rcc_ex.o
                                      0xd6fa7 (size before relaxing)
 .debug_str     0x00000000000ddbf7      0xc50 ./Drivers/STM32F4xx_HAL_Driver/Src/stm32f4xx_hal_tim.o
                                      0xd7e90 (size before relaxing)
 .debug_str     0x00000000000de847      0x3e1 ./Drivers/STM32F4xx_HAL_Driver/Src/stm32f4xx_hal_tim_ex.o
                                      0xd76ac (size before relaxing)
 .debug_str     0x00000000000dec28      0x5d0 ./Drivers/STM32F4xx_HAL_Driver/Src/stm32f4xx_hal_uart.o
                                      0xd74e9 (size before relaxing)

.debug_frame    0x0000000000000000     0x49b0
 .debug_frame   0x0000000000000000      0x460 ./Core/Src/main.o
 .debug_frame   0x0000000000000460      0x218 ./Core/Src/stm32f4xx_hal_msp.o
 .debug_frame   0x0000000000000678      0x1e4 ./Core/Src/stm32f4xx_it.o
 .debug_frame   0x000000000000085c       0x34 ./Core/Src/sysmem.o
 .debug_frame   0x0000000000000890       0x58 ./Core/Src/system_stm32f4xx.o
 .debug_frame   0x00000000000008e8      0x374 ./Drivers/STM32F4xx_HAL_Driver/Src/stm32f4xx_hal.o
 .debug_frame   0x0000000000000c5c      0x3fc ./Drivers/STM32F4xx_HAL_Driver/Src/stm32f4xx_hal_adc.o
 .debug_frame   0x0000000000001058      0x498 ./Drivers/STM32F4xx_HAL_Driver/Src/stm32f4xx_hal_cortex.o
 .debug_frame   0x00000000000014f0      0x338 ./Drivers/STM32F4xx_HAL_Driver/Src/stm32f4xx_hal_dac.o
 .debug_frame   0x0000000000001828      0x20c ./Drivers/STM32F4xx_HAL_Driver/Src/stm32f4xx_hal_dac_ex.o
 .debug_frame   0x0000000000001a34      0x250 ./Drivers/STM32F4xx_HAL_Driver/Src/stm32f4xx_hal_dma.o
 .debug_frame   0x0000000000001c84      0x14c ./Drivers/STM32F4xx_HAL_Driver/Src/stm32f4xx_hal_gpio.o
 .debug_frame   0x0000000000001dd0      0x1f4 ./Drivers/STM32F4xx_HAL_Driver/Src/stm32f4xx_hal_rcc.o
 .debug_frame   0x0000000000001fc4      0x1e8 ./Drivers/STM32F4xx_HAL_Driver/Src/stm32f4xx_hal_rcc_ex.o
 .debug_frame   0x00000000000021ac     0x11c4 ./Drivers/STM32F4xx_HAL_Driver/Src/stm32f4xx_hal_tim.o
 .debug_frame   0x0000000000003370      0x638 ./Drivers/STM32F4xx_HAL_Driver/Src/stm32f4xx_hal_tim_ex.o